Archive member included to satisfy reference by file (symbol)

d:/gcc-arm-none-eabi/bin/../lib/gcc/arm-none-eabi/10.3.1/../../../../arm-none-eabi/lib/thumb/v7e-m+fp/hard\libc_nano.a(lib_a-exit.o)
                              d:/gcc-arm-none-eabi/bin/../lib/gcc/arm-none-eabi/10.3.1/../../../../arm-none-eabi/lib/thumb/v7e-m+fp/hard/crt0.o (exit)
d:/gcc-arm-none-eabi/bin/../lib/gcc/arm-none-eabi/10.3.1/../../../../arm-none-eabi/lib/thumb/v7e-m+fp/hard\libc_nano.a(lib_a-impure.o)
                              d:/gcc-arm-none-eabi/bin/../lib/gcc/arm-none-eabi/10.3.1/../../../../arm-none-eabi/lib/thumb/v7e-m+fp/hard\libc_nano.a(lib_a-exit.o) (_global_impure_ptr)
d:/gcc-arm-none-eabi/bin/../lib/gcc/arm-none-eabi/10.3.1/../../../../arm-none-eabi/lib/thumb/v7e-m+fp/hard\libc_nano.a(lib_a-init.o)
                              d:/gcc-arm-none-eabi/bin/../lib/gcc/arm-none-eabi/10.3.1/../../../../arm-none-eabi/lib/thumb/v7e-m+fp/hard/crt0.o (__libc_init_array)
d:/gcc-arm-none-eabi/bin/../lib/gcc/arm-none-eabi/10.3.1/../../../../arm-none-eabi/lib/thumb/v7e-m+fp/hard\libc_nano.a(lib_a-malloc.o)
                              build/BMI088.o (malloc)
d:/gcc-arm-none-eabi/bin/../lib/gcc/arm-none-eabi/10.3.1/../../../../arm-none-eabi/lib/thumb/v7e-m+fp/hard\libc_nano.a(lib_a-memcpy-stub.o)
                              build/queue.o (memcpy)
d:/gcc-arm-none-eabi/bin/../lib/gcc/arm-none-eabi/10.3.1/../../../../arm-none-eabi/lib/thumb/v7e-m+fp/hard\libc_nano.a(lib_a-memset.o)
                              d:/gcc-arm-none-eabi/bin/../lib/gcc/arm-none-eabi/10.3.1/../../../../arm-none-eabi/lib/thumb/v7e-m+fp/hard/crt0.o (memset)
d:/gcc-arm-none-eabi/bin/../lib/gcc/arm-none-eabi/10.3.1/../../../../arm-none-eabi/lib/thumb/v7e-m+fp/hard\libc_nano.a(lib_a-nano-freer.o)
                              d:/gcc-arm-none-eabi/bin/../lib/gcc/arm-none-eabi/10.3.1/../../../../arm-none-eabi/lib/thumb/v7e-m+fp/hard\libc_nano.a(lib_a-malloc.o) (_free_r)
d:/gcc-arm-none-eabi/bin/../lib/gcc/arm-none-eabi/10.3.1/../../../../arm-none-eabi/lib/thumb/v7e-m+fp/hard\libc_nano.a(lib_a-nano-mallocr.o)
                              d:/gcc-arm-none-eabi/bin/../lib/gcc/arm-none-eabi/10.3.1/../../../../arm-none-eabi/lib/thumb/v7e-m+fp/hard\libc_nano.a(lib_a-malloc.o) (_malloc_r)
d:/gcc-arm-none-eabi/bin/../lib/gcc/arm-none-eabi/10.3.1/../../../../arm-none-eabi/lib/thumb/v7e-m+fp/hard\libc_nano.a(lib_a-realloc.o)
                              build/cvector.o (realloc)
d:/gcc-arm-none-eabi/bin/../lib/gcc/arm-none-eabi/10.3.1/../../../../arm-none-eabi/lib/thumb/v7e-m+fp/hard\libc_nano.a(lib_a-sbrkr.o)
                              d:/gcc-arm-none-eabi/bin/../lib/gcc/arm-none-eabi/10.3.1/../../../../arm-none-eabi/lib/thumb/v7e-m+fp/hard\libc_nano.a(lib_a-nano-mallocr.o) (_sbrk_r)
d:/gcc-arm-none-eabi/bin/../lib/gcc/arm-none-eabi/10.3.1/../../../../arm-none-eabi/lib/thumb/v7e-m+fp/hard\libc_nano.a(lib_a-sprintf.o)
                              build/bsp_log.o (sprintf)
d:/gcc-arm-none-eabi/bin/../lib/gcc/arm-none-eabi/10.3.1/../../../../arm-none-eabi/lib/thumb/v7e-m+fp/hard\libc_nano.a(lib_a-strcmp.o)
                              build/pub_sub.o (strcmp)
d:/gcc-arm-none-eabi/bin/../lib/gcc/arm-none-eabi/10.3.1/../../../../arm-none-eabi/lib/thumb/v7e-m+fp/hard\libc_nano.a(lib_a-strlen.o)
                              build/SEGGER_RTT.o (strlen)
d:/gcc-arm-none-eabi/bin/../lib/gcc/arm-none-eabi/10.3.1/../../../../arm-none-eabi/lib/thumb/v7e-m+fp/hard\libc_nano.a(lib_a-mlock.o)
                              d:/gcc-arm-none-eabi/bin/../lib/gcc/arm-none-eabi/10.3.1/../../../../arm-none-eabi/lib/thumb/v7e-m+fp/hard\libc_nano.a(lib_a-nano-freer.o) (__malloc_lock)
d:/gcc-arm-none-eabi/bin/../lib/gcc/arm-none-eabi/10.3.1/../../../../arm-none-eabi/lib/thumb/v7e-m+fp/hard\libc_nano.a(lib_a-nano-reallocr.o)
                              d:/gcc-arm-none-eabi/bin/../lib/gcc/arm-none-eabi/10.3.1/../../../../arm-none-eabi/lib/thumb/v7e-m+fp/hard\libc_nano.a(lib_a-realloc.o) (_realloc_r)
d:/gcc-arm-none-eabi/bin/../lib/gcc/arm-none-eabi/10.3.1/../../../../arm-none-eabi/lib/thumb/v7e-m+fp/hard\libc_nano.a(lib_a-nano-svfprintf.o)
                              d:/gcc-arm-none-eabi/bin/../lib/gcc/arm-none-eabi/10.3.1/../../../../arm-none-eabi/lib/thumb/v7e-m+fp/hard\libc_nano.a(lib_a-sprintf.o) (_svfprintf_r)
d:/gcc-arm-none-eabi/bin/../lib/gcc/arm-none-eabi/10.3.1/../../../../arm-none-eabi/lib/thumb/v7e-m+fp/hard\libc_nano.a(lib_a-nano-vfprintf_i.o)
                              d:/gcc-arm-none-eabi/bin/../lib/gcc/arm-none-eabi/10.3.1/../../../../arm-none-eabi/lib/thumb/v7e-m+fp/hard\libc_nano.a(lib_a-nano-svfprintf.o) (_printf_i)
d:/gcc-arm-none-eabi/bin/../lib/gcc/arm-none-eabi/10.3.1/../../../../arm-none-eabi/lib/thumb/v7e-m+fp/hard\libc_nano.a(lib_a-reent.o)
                              d:/gcc-arm-none-eabi/bin/../lib/gcc/arm-none-eabi/10.3.1/../../../../arm-none-eabi/lib/thumb/v7e-m+fp/hard\libc_nano.a(lib_a-sbrkr.o) (errno)
[...]
Memory Configuration

Name             Origin             Length             Attributes
RAM              0x20000000         0x00020000         xrw
CCMRAM           0x10000000         0x00010000         xrw
FLASH            0x08000000         0x00100000         xr
*default*        0x00000000         0xffffffff

Linker script and memory map

LOAD d:/gcc-arm-none-eabi/bin/../lib/gcc/arm-none-eabi/10.3.1/thumb/v7e-m+fp/hard/crti.o
LOAD d:/gcc-arm-none-eabi/bin/../lib/gcc/arm-none-eabi/10.3.1/thumb/v7e-m+fp/hard/crtbegin.o
LOAD d:/gcc-arm-none-eabi/bin/../lib/gcc/arm-none-eabi/10.3.1/../../../../arm-none-eabi/lib/thumb/v7e-m+fp/hard/crt0.o
LOAD build/main.o
LOAD build/gpio.o
LOAD build/freertos.o
LOAD build/can.o
LOAD build/crc.o
LOAD build/dma.o
LOAD build/rng.o
LOAD build/spi.o
LOAD build/tim.o
LOAD build/usart.o
LOAD build/stm32f4xx_it.o
LOAD build/stm32f4xx_hal_msp.o
LOAD build/stm32f4xx_hal_timebase_tim.o
LOAD build/stm32f4xx_hal_can.o
LOAD build/stm32f4xx_hal_rcc.o
LOAD build/stm32f4xx_hal_rcc_ex.o
LOAD build/stm32f4xx_hal_flash.o
LOAD build/stm32f4xx_hal_flash_ex.o
LOAD build/stm32f4xx_hal_flash_ramfunc.o
LOAD build/stm32f4xx_hal_gpio.o
LOAD build/stm32f4xx_hal_dma_ex.o
LOAD build/stm32f4xx_hal_dma.o
LOAD build/stm32f4xx_hal_pwr.o
LOAD build/stm32f4xx_hal_pwr_ex.o
LOAD build/stm32f4xx_hal_cortex.o
LOAD build/stm32f4xx_hal.o
LOAD build/stm32f4xx_hal_exti.o
LOAD build/stm32f4xx_hal_crc.o
LOAD build/stm32f4xx_hal_rng.o
LOAD build/stm32f4xx_hal_spi.o
LOAD build/stm32f4xx_hal_tim.o
LOAD build/stm32f4xx_hal_tim_ex.o
LOAD build/stm32f4xx_hal_uart.o
LOAD build/system_stm32f4xx.o
LOAD build/croutine.o
LOAD build/event_groups.o
LOAD build/list.o
LOAD build/queue.o
LOAD build/stream_buffer.o
LOAD build/tasks.o
LOAD build/timers.o
LOAD build/cmsis_os2.o
LOAD build/heap_4.o
LOAD build/port.o
LOAD build/BasicMathFunctions.o
LOAD build/QuaternionMathFunctions.o
LOAD build/BayesFunctions.o
LOAD build/CommonTables.o
LOAD build/ComplexMathFunctions.o
LOAD build/ControllerFunctions.o
LOAD build/DistanceFunctions.o
LOAD build/FastMathFunctions.o
LOAD build/FilteringFunctions.o
LOAD build/MatrixFunctions.o
LOAD build/StatisticsFunctions.o
LOAD build/SupportFunctions.o
LOAD build/SVMFunctions.o
LOAD build/TransformFunctions.o
LOAD build/InterpolationFunctions.o
LOAD build/BasicMathFunctionsF16.o
LOAD build/ComplexMathFunctionsF16.o
LOAD build/FilteringFunctionsF16.o
LOAD build/CommonTablesF16.o
LOAD build/TransformFunctionsF16.o
LOAD build/MatrixFunctionsF16.o
LOAD build/InterpolationFunctionsF16.o
LOAD build/StatisticsFunctionsF16.o
LOAD build/SupportFunctionsF16.o
LOAD build/FastMathFunctionsF16.o
LOAD build/DistanceFunctionsF16.o
LOAD build/BayesFunctionsF16.o
LOAD build/SVMFunctionsF16.o
LOAD build/i2c.o
LOAD build/stm32f4xx_hal_i2c.o
LOAD build/stm32f4xx_hal_i2c_ex.o
LOAD build/BMI088.o
LOAD build/buzzer.o
LOAD build/can_pc.o
LOAD build/uart_pc.o
LOAD build/can_send.o
LOAD build/can_recv.o
LOAD build/uart_send.o
LOAD build/uart_recv.o
LOAD build/can_motor.o
LOAD build/DT7_DR16.o
LOAD build/referee.o
LOAD build/referee_ui.o
LOAD build/ws2812b.o
LOAD build/super_cap_wuli.o
LOAD build/radiotube.o
LOAD build/pwm_servo.o
LOAD build/indicator_led.o
LOAD build/common.o
LOAD build/soft_crc.o
LOAD build/soft_i2c.o
LOAD build/MahonyAHRS.o
LOAD build/MadgwickAHRS.o
LOAD build/cvector.o
LOAD build/datatypes.o
LOAD build/circular_queue.o
LOAD build/adrc.o
LOAD build/lqr.o
LOAD build/mrac.o
LOAD build/pid.o
LOAD build/smc.o
LOAD build/controller.o
LOAD build/monitor.o
LOAD build/hal.o
LOAD build/pub_sub.o
LOAD build/app.o
LOAD build/bsp.o
LOAD build/bsp_supervise.o
LOAD build/bsp_random.o
LOAD build/bsp_delay.o
LOAD build/bsp_log.o
LOAD build/bsp_softreset.o
LOAD build/bsp_spi.o
LOAD build/bsp_gpio.o
LOAD build/bsp_can.o
LOAD build/bsp_uart.o
LOAD build/bsp_pwm.o
LOAD build/bsp_reset.o
LOAD build/bsp_time.o
LOAD build/SEGGER_RTT_printf.o
LOAD build/SEGGER_RTT.o
LOAD build/chassis.o
LOAD build/startup_stm32f407xx.o
LOAD build/SEGGER_RTT_ASM_ARMv7M.o
LOAD d:/gcc-arm-none-eabi/bin/../lib/gcc/arm-none-eabi/10.3.1/../../../../arm-none-eabi/lib/thumb/v7e-m+fp/hard\libc_nano.a
LOAD d:/gcc-arm-none-eabi/bin/../lib/gcc/arm-none-eabi/10.3.1/../../../../arm-none-eabi/lib/thumb/v7e-m+fp/hard\libm.a
LOAD d:/gcc-arm-none-eabi/bin/../lib/gcc/arm-none-eabi/10.3.1/../../../../arm-none-eabi/lib/thumb/v7e-m+fp/hard\libnosys.a
START GROUP
LOAD d:/gcc-arm-none-eabi/bin/../lib/gcc/arm-none-eabi/10.3.1/thumb/v7e-m+fp/hard\libgcc.a
LOAD d:/gcc-arm-none-eabi/bin/../lib/gcc/arm-none-eabi/10.3.1/../../../../arm-none-eabi/lib/thumb/v7e-m+fp/hard\libc_nano.a
END GROUP
START GROUP
LOAD d:/gcc-arm-none-eabi/bin/../lib/gcc/arm-none-eabi/10.3.1/thumb/v7e-m+fp/hard\libgcc.a
LOAD d:/gcc-arm-none-eabi/bin/../lib/gcc/arm-none-eabi/10.3.1/../../../../arm-none-eabi/lib/thumb/v7e-m+fp/hard\libc_nano.a
END GROUP
LOAD d:/gcc-arm-none-eabi/bin/../lib/gcc/arm-none-eabi/10.3.1/thumb/v7e-m+fp/hard/crtend.o
LOAD d:/gcc-arm-none-eabi/bin/../lib/gcc/arm-none-eabi/10.3.1/thumb/v7e-m+fp/hard/crtn.o
                0x20020000                _estack = 0x20020000
                0x00008000                _Min_Heap_Size = 0x8000
                0x00004000                _Min_Stack_Size = 0x4000

.isr_vector     0x08000000      0x188
                0x08000000                . = ALIGN (0x4)
 *(.isr_vector)
 .isr_vector    0x08000000      0x188 build/startup_stm32f407xx.o
                0x08000000                g_pfnVectors
                0x08000188                . = ALIGN (0x4)

.text           0x08000190     0xdb84
                0x08000190                . = ALIGN (0x4)
 *(.text)
 .text          0x08000190       0x40 d:/gcc-arm-none-eabi/bin/../lib/gcc/arm-none-eabi/10.3.1/thumb/v7e-m+fp/hard/crtbegin.o
 .text          0x080001d0       0x14 d:/gcc-arm-none-eabi/bin/../lib/gcc/arm-none-eabi/10.3.1/../../../../arm-none-eabi/lib/thumb/v7e-m+fp/hard\libc_nano.a(lib_a-strcmp.o)
                0x080001d0                strcmp
 .text          0x080001e4      0x378 d:/gcc-arm-none-eabi/bin/../lib/gcc/arm-none-eabi/10.3.1/thumb/v7e-m+fp/hard\libgcc.a(_arm_addsubdf3.o)
                0x080001e4                __aeabi_drsub
                0x080001ec                __aeabi_dsub
                0x080001ec                __subdf3
                0x080001f0                __aeabi_dadd
                0x080001f0                __adddf3
                0x08000468                __floatunsidf
                0x08000468                __aeabi_ui2d
                0x08000488                __floatsidf
                0x08000488                __aeabi_i2d
                0x080004ac                __aeabi_f2d
                0x080004ac                __extendsfdf2
                0x080004f0                __floatundidf
                0x080004f0                __aeabi_ul2d
                0x08000500                __floatdidf
                0x08000500                __aeabi_l2d
 .text          0x0800055c      0x424 d:/gcc-arm-none-eabi/bin/../lib/gcc/arm-none-eabi/10.3.1/thumb/v7e-m+fp/hard\libgcc.a(_arm_muldivdf3.o)
                0x0800055c                __aeabi_dmul
                0x0800055c                __muldf3
                0x080007b0                __divdf3
                0x080007b0                __aeabi_ddiv
 .text          0x08000980      0x110 d:/gcc-arm-none-eabi/bin/../lib/gcc/arm-none-eabi/10.3.1/thumb/v7e-m+fp/hard\libgcc.a(_arm_cmpdf2.o)
                0x08000980                __gtdf2
                0x08000980                __gedf2
                0x08000988                __ltdf2
                0x08000988                __ledf2
                0x08000990                __nedf2
                0x08000990                __eqdf2
                0x08000990                __cmpdf2
                0x08000a0c                __aeabi_cdrcmple
                0x08000a1c                __aeabi_cdcmpeq
                0x08000a1c                __aeabi_cdcmple
                0x08000a2c                __aeabi_dcmpeq
                0x08000a40                __aeabi_dcmplt
                0x08000a54                __aeabi_dcmple
                0x08000a68                __aeabi_dcmpge
                0x08000a7c                __aeabi_dcmpgt
 .text          0x08000a90       0x2c d:/gcc-arm-none-eabi/bin/../lib/gcc/arm-none-eabi/10.3.1/thumb/v7e-m+fp/hard\libgcc.a(_arm_unorddf2.o)
                0x08000a90                __unorddf2
                0x08000a90                __aeabi_dcmpun
 .text          0x08000abc       0x50 d:/gcc-arm-none-eabi/bin/../lib/gcc/arm-none-eabi/10.3.1/thumb/v7e-m+fp/hard\libgcc.a(_arm_fixdfsi.o)
                0x08000abc                __aeabi_d2iz
                0x08000abc                __fixdfsi
 .text          0x08000b0c       0xa0 d:/gcc-arm-none-eabi/bin/../lib/gcc/arm-none-eabi/10.3.1/thumb/v7e-m+fp/hard\libgcc.a(_arm_truncdfsf2.o)
                0x08000b0c                __truncdfsf2
                0x08000b0c                __aeabi_d2f
 .text          0x08000bac       0x30 d:/gcc-arm-none-eabi/bin/../lib/gcc/arm-none-eabi/10.3.1/thumb/v7e-m+fp/hard\libgcc.a(_aeabi_uldivmod.o)
                0x08000bac                __aeabi_uldivmod
 .text          0x08000bdc      0x2d0 d:/gcc-arm-none-eabi/bin/../lib/gcc/arm-none-eabi/10.3.1/thumb/v7e-m+fp/hard\libgcc.a(_udivmoddi4.o)
                0x08000bdc                __udivmoddi4
 .text          0x08000eac        0x4 d:/gcc-arm-none-eabi/bin/../lib/gcc/arm-none-eabi/10.3.1/thumb/v7e-m+fp/hard\libgcc.a(_dvmd_tls.o)
                0x08000eac                __aeabi_idiv0
                0x08000eac                __aeabi_ldiv0
 *(.text*)
 .text.HAL_TIM_PeriodElapsedCallback
                0x08000eb0       0x18 build/main.o
                0x08000eb0                HAL_TIM_PeriodElapsedCallback
 .text.Error_Handler
                0x08000ec8        0x4 build/main.o
                0x08000ec8                Error_Handler
 .text.SystemClock_Config
                0x08000ecc       0xa8 build/main.o
                0x08000ecc                SystemClock_Config
 .text.main     0x08000f74       0x64 build/main.o
                0x08000f74                main
 .text.MX_GPIO_Init
                0x08000fd8      0x1a0 build/gpio.o
                0x08000fd8                MX_GPIO_Init
 .text.StartDefaultTask
                0x08001178       0x20 build/freertos.o
                0x08001178                StartDefaultTask
 .text.StartImuTask
                0x08001198       0x24 build/freertos.o
                0x08001198                StartImuTask
 .text.StartLogTask
                0x080011bc       0x18 build/freertos.o
                0x080011bc                StartLogTask
 .text.StartMotorTask
                0x080011d4       0x24 build/freertos.o
                0x080011d4                StartMotorTask
 .text.StartMonitorTask
                0x080011f8       0x18 build/freertos.o
                0x080011f8                StartMonitorTask
 .text.StartRobotCMDTask
                0x08001210       0x24 build/freertos.o
                0x08001210                StartRobotCMDTask
 .text.StartCapTask
                0x08001234       0x24 build/freertos.o
                0x08001234                StartCapTask
 .text.StartRefereeTask
                0x08001258       0x24 build/freertos.o
                0x08001258                StartRefereeTask
 .text.StartRefereeSendTask
                0x0800127c       0x18 build/freertos.o
                0x0800127c                StartRefereeSendTask
 .text.MX_FREERTOS_Init
                0x08001294       0xf0 build/freertos.o
                0x08001294                MX_FREERTOS_Init
 .text.MX_CAN1_Init
                0x08001384       0x44 build/can.o
                0x08001384                MX_CAN1_Init
 .text.MX_CAN2_Init
                0x080013c8       0x44 build/can.o
                0x080013c8                MX_CAN2_Init
 .text.HAL_CAN_MspInit
                0x0800140c      0x140 build/can.o
                0x0800140c                HAL_CAN_MspInit
 .text.MX_CRC_Init
                0x0800154c       0x20 build/crc.o
                0x0800154c                MX_CRC_Init
 .text.HAL_CRC_MspInit
                0x0800156c       0x30 build/crc.o
                0x0800156c                HAL_CRC_MspInit
 .text.MX_DMA_Init
                0x0800159c       0x88 build/dma.o
                0x0800159c                MX_DMA_Init
 .text.MX_RNG_Init
                0x08001624       0x20 build/rng.o
                0x08001624                MX_RNG_Init
 .text.HAL_RNG_MspInit
                0x08001644       0x30 build/rng.o
                0x08001644                HAL_RNG_MspInit
 .text.MX_SPI1_Init
                0x08001674       0x48 build/spi.o
                0x08001674                MX_SPI1_Init
 .text.HAL_SPI_MspInit
                0x080016bc       0x98 build/spi.o
                0x080016bc                HAL_SPI_MspInit
 .text.MX_TIM13_Init
                0x08001754       0x30 build/tim.o
                0x08001754                MX_TIM13_Init
 .text.HAL_TIM_Base_MspInit
                0x08001784       0xac build/tim.o
                0x08001784                HAL_TIM_Base_MspInit
 .text.HAL_TIM_PWM_MspInit
                0x08001830       0x30 build/tim.o
                0x08001830                HAL_TIM_PWM_MspInit
 .text.HAL_TIM_MspPostInit
                0x08001860      0x13c build/tim.o
                0x08001860                HAL_TIM_MspPostInit
 .text.MX_TIM1_Init
                0x0800199c      0x120 build/tim.o
                0x0800199c                MX_TIM1_Init
 .text.MX_TIM4_Init
                0x08001abc       0x84 build/tim.o
                0x08001abc                MX_TIM4_Init
 .text.MX_TIM8_Init
                0x08001b40       0xe8 build/tim.o
                0x08001b40                MX_TIM8_Init
 .text.MX_TIM10_Init
                0x08001c28       0x78 build/tim.o
                0x08001c28                MX_TIM10_Init
 .text.MX_USART1_UART_Init
                0x08001ca0       0x38 build/usart.o
                0x08001ca0                MX_USART1_UART_Init
 .text.MX_USART3_UART_Init
                0x08001cd8       0x40 build/usart.o
                0x08001cd8                MX_USART3_UART_Init
 .text.MX_USART6_UART_Init
                0x08001d18       0x34 build/usart.o
                0x08001d18                MX_USART6_UART_Init
 .text.HAL_UART_MspInit
                0x08001d4c      0x2d4 build/usart.o
                0x08001d4c                HAL_UART_MspInit
 .text.NMI_Handler
                0x08002020        0x2 build/stm32f4xx_it.o
                0x08002020                NMI_Handler
 .text.HardFault_Handler
                0x08002022        0x2 build/stm32f4xx_it.o
                0x08002022                HardFault_Handler
 .text.MemManage_Handler
                0x08002024        0x2 build/stm32f4xx_it.o
                0x08002024                MemManage_Handler
 .text.BusFault_Handler
                0x08002026        0x2 build/stm32f4xx_it.o
                0x08002026                BusFault_Handler
 .text.UsageFault_Handler
                0x08002028        0x2 build/stm32f4xx_it.o
                0x08002028                UsageFault_Handler
 .text.DebugMon_Handler
                0x0800202a        0x2 build/stm32f4xx_it.o
                0x0800202a                DebugMon_Handler
 .text.DMA1_Stream1_IRQHandler
                0x0800202c       0x10 build/stm32f4xx_it.o
                0x0800202c                DMA1_Stream1_IRQHandler
 .text.CAN1_RX0_IRQHandler
                0x0800203c       0x10 build/stm32f4xx_it.o
                0x0800203c                CAN1_RX0_IRQHandler
 .text.CAN1_RX1_IRQHandler
                0x0800204c       0x10 build/stm32f4xx_it.o
                0x0800204c                CAN1_RX1_IRQHandler
 .text.USART1_IRQHandler
                0x0800205c       0x18 build/stm32f4xx_it.o
                0x0800205c                USART1_IRQHandler
 .text.USART3_IRQHandler
                0x08002074       0x18 build/stm32f4xx_it.o
                0x08002074                USART3_IRQHandler
 .text.TIM8_TRG_COM_TIM14_IRQHandler
                0x0800208c       0x18 build/stm32f4xx_it.o
                0x0800208c                TIM8_TRG_COM_TIM14_IRQHandler
 .text.DMA2_Stream1_IRQHandler
                0x080020a4       0x10 build/stm32f4xx_it.o
                0x080020a4                DMA2_Stream1_IRQHandler
 .text.DMA2_Stream2_IRQHandler
                0x080020b4       0x10 build/stm32f4xx_it.o
                0x080020b4                DMA2_Stream2_IRQHandler
 .text.CAN2_RX0_IRQHandler
                0x080020c4       0x10 build/stm32f4xx_it.o
                0x080020c4                CAN2_RX0_IRQHandler
 .text.CAN2_RX1_IRQHandler
                0x080020d4       0x10 build/stm32f4xx_it.o
                0x080020d4                CAN2_RX1_IRQHandler
 .text.DMA2_Stream6_IRQHandler
                0x080020e4       0x10 build/stm32f4xx_it.o
                0x080020e4                DMA2_Stream6_IRQHandler
 .text.DMA2_Stream7_IRQHandler
                0x080020f4       0x10 build/stm32f4xx_it.o
                0x080020f4                DMA2_Stream7_IRQHandler
 .text.USART6_IRQHandler
                0x08002104       0x18 build/stm32f4xx_it.o
                0x08002104                USART6_IRQHandler
 .text.HAL_MspInit
                0x0800211c       0x44 build/stm32f4xx_hal_msp.o
                0x0800211c                HAL_MspInit
 .text.HAL_InitTick
                0x08002160       0x7c build/stm32f4xx_hal_timebase_tim.o
                0x08002160                HAL_InitTick
 .text.HAL_CAN_Init
                0x080021dc      0x14c build/stm32f4xx_hal_can.o
                0x080021dc                HAL_CAN_Init
 .text.HAL_CAN_ConfigFilter
                0x08002328      0x138 build/stm32f4xx_hal_can.o
                0x08002328                HAL_CAN_ConfigFilter
 .text.HAL_CAN_Start
                0x08002460       0x5c build/stm32f4xx_hal_can.o
                0x08002460                HAL_CAN_Start
 .text.HAL_CAN_AddTxMessage
                0x080024bc       0xfc build/stm32f4xx_hal_can.o
                0x080024bc                HAL_CAN_AddTxMessage
 .text.HAL_CAN_AbortTxRequest
                0x080025b8       0x4c build/stm32f4xx_hal_can.o
                0x080025b8                HAL_CAN_AbortTxRequest
 .text.HAL_CAN_GetTxMailboxesFreeLevel
                0x08002604       0x32 build/stm32f4xx_hal_can.o
                0x08002604                HAL_CAN_GetTxMailboxesFreeLevel
 .text.HAL_CAN_GetRxMessage
                0x08002636      0x14a build/stm32f4xx_hal_can.o
                0x08002636                HAL_CAN_GetRxMessage
 .text.HAL_CAN_ActivateNotification
                0x08002780       0x24 build/stm32f4xx_hal_can.o
                0x08002780                HAL_CAN_ActivateNotification
 .text.HAL_CAN_TxMailbox0CompleteCallback
                0x080027a4        0x2 build/stm32f4xx_hal_can.o
                0x080027a4                HAL_CAN_TxMailbox0CompleteCallback
 .text.HAL_CAN_TxMailbox1CompleteCallback
                0x080027a6        0x2 build/stm32f4xx_hal_can.o
                0x080027a6                HAL_CAN_TxMailbox1CompleteCallback
 .text.HAL_CAN_TxMailbox2CompleteCallback
                0x080027a8        0x2 build/stm32f4xx_hal_can.o
                0x080027a8                HAL_CAN_TxMailbox2CompleteCallback
 .text.HAL_CAN_TxMailbox0AbortCallback
                0x080027aa        0x2 build/stm32f4xx_hal_can.o
                0x080027aa                HAL_CAN_TxMailbox0AbortCallback
 .text.HAL_CAN_TxMailbox1AbortCallback
                0x080027ac        0x2 build/stm32f4xx_hal_can.o
                0x080027ac                HAL_CAN_TxMailbox1AbortCallback
 .text.HAL_CAN_TxMailbox2AbortCallback
                0x080027ae        0x2 build/stm32f4xx_hal_can.o
                0x080027ae                HAL_CAN_TxMailbox2AbortCallback
 .text.HAL_CAN_RxFifo0FullCallback
                0x080027b0        0x2 build/stm32f4xx_hal_can.o
                0x080027b0                HAL_CAN_RxFifo0FullCallback
 .text.HAL_CAN_RxFifo1FullCallback
                0x080027b2        0x2 build/stm32f4xx_hal_can.o
                0x080027b2                HAL_CAN_RxFifo1FullCallback
 .text.HAL_CAN_SleepCallback
                0x080027b4        0x2 build/stm32f4xx_hal_can.o
                0x080027b4                HAL_CAN_SleepCallback
 .text.HAL_CAN_WakeUpFromRxMsgCallback
                0x080027b6        0x2 build/stm32f4xx_hal_can.o
                0x080027b6                HAL_CAN_WakeUpFromRxMsgCallback
 .text.HAL_CAN_ErrorCallback
                0x080027b8        0x2 build/stm32f4xx_hal_can.o
                0x080027b8                HAL_CAN_ErrorCallback
 .text.HAL_CAN_IRQHandler
                0x080027ba      0x24a build/stm32f4xx_hal_can.o
                0x080027ba                HAL_CAN_IRQHandler
 .text.HAL_RCC_OscConfig
                0x08002a04      0x3f8 build/stm32f4xx_hal_rcc.o
                0x08002a04                HAL_RCC_OscConfig
 .text.HAL_RCC_GetSysClockFreq
                0x08002dfc       0xa4 build/stm32f4xx_hal_rcc.o
                0x08002dfc                HAL_RCC_GetSysClockFreq
 .text.HAL_RCC_ClockConfig
                0x08002ea0      0x160 build/stm32f4xx_hal_rcc.o
                0x08002ea0                HAL_RCC_ClockConfig
 .text.HAL_RCC_GetHCLKFreq
                0x08003000        0xc build/stm32f4xx_hal_rcc.o
                0x08003000                HAL_RCC_GetHCLKFreq
 .text.HAL_RCC_GetPCLK1Freq
                0x0800300c       0x20 build/stm32f4xx_hal_rcc.o
                0x0800300c                HAL_RCC_GetPCLK1Freq
 .text.HAL_RCC_GetPCLK2Freq
                0x0800302c       0x20 build/stm32f4xx_hal_rcc.o
                0x0800302c                HAL_RCC_GetPCLK2Freq
 .text.HAL_RCC_GetClockConfig
                0x0800304c       0x3c build/stm32f4xx_hal_rcc.o
                0x0800304c                HAL_RCC_GetClockConfig
 .text.HAL_GPIO_Init
                0x08003088      0x1e4 build/stm32f4xx_hal_gpio.o
                0x08003088                HAL_GPIO_Init
 .text.HAL_GPIO_WritePin
                0x0800326c        0xc build/stm32f4xx_hal_gpio.o
                0x0800326c                HAL_GPIO_WritePin
 .text.HAL_GPIO_TogglePin
                0x08003278       0x12 build/stm32f4xx_hal_gpio.o
                0x08003278                HAL_GPIO_TogglePin
 .text.DMA_SetConfig
                0x0800328a       0x2c build/stm32f4xx_hal_dma.o
 *fill*         0x080032b6        0x2 
 .text.DMA_CalcBaseAndBitshift
                0x080032b8       0x44 build/stm32f4xx_hal_dma.o
 .text.DMA_CheckFifoParam
                0x080032fc       0x8e build/stm32f4xx_hal_dma.o
 *fill*         0x0800338a        0x2 
 .text.HAL_DMA_Init
                0x0800338c       0xcc build/stm32f4xx_hal_dma.o
                0x0800338c                HAL_DMA_Init
 .text.HAL_DMA_DeInit
                0x08003458       0x64 build/stm32f4xx_hal_dma.o
                0x08003458                HAL_DMA_DeInit
 .text.HAL_DMA_Start_IT
                0x080034bc       0x6a build/stm32f4xx_hal_dma.o
                0x080034bc                HAL_DMA_Start_IT
 .text.HAL_DMA_Abort
                0x08003526       0x94 build/stm32f4xx_hal_dma.o
                0x08003526                HAL_DMA_Abort
 .text.HAL_DMA_Abort_IT
                0x080035ba       0x26 build/stm32f4xx_hal_dma.o
                0x080035ba                HAL_DMA_Abort_IT
 .text.HAL_DMA_IRQHandler
                0x080035e0      0x1dc build/stm32f4xx_hal_dma.o
                0x080035e0                HAL_DMA_IRQHandler
 .text.HAL_NVIC_SetPriorityGrouping
                0x080037bc       0x24 build/stm32f4xx_hal_cortex.o
                0x080037bc                HAL_NVIC_SetPriorityGrouping
 .text.HAL_NVIC_SetPriority
                0x080037e0       0x70 build/stm32f4xx_hal_cortex.o
                0x080037e0                HAL_NVIC_SetPriority
 .text.HAL_NVIC_EnableIRQ
                0x08003850       0x1c build/stm32f4xx_hal_cortex.o
                0x08003850                HAL_NVIC_EnableIRQ
 .text.HAL_Init
                0x0800386c       0x34 build/stm32f4xx_hal.o
                0x0800386c                HAL_Init
 .text.HAL_IncTick
                0x080038a0       0x18 build/stm32f4xx_hal.o
                0x080038a0                HAL_IncTick
 .text.HAL_GetTick
                0x080038b8        0xc build/stm32f4xx_hal.o
                0x080038b8                HAL_GetTick
 .text.HAL_CRC_Init
                0x080038c4       0x1e build/stm32f4xx_hal_crc.o
                0x080038c4                HAL_CRC_Init
 .text.HAL_RNG_Init
                0x080038e2       0x2e build/stm32f4xx_hal_rng.o
                0x080038e2                HAL_RNG_Init
 .text.SPI_WaitFlagStateUntilTimeout
                0x08003910       0xd4 build/stm32f4xx_hal_spi.o
 .text.SPI_EndRxTxTransaction
                0x080039e4       0x68 build/stm32f4xx_hal_spi.o
 .text.HAL_SPI_Init
                0x08003a4c       0xbe build/stm32f4xx_hal_spi.o
                0x08003a4c                HAL_SPI_Init
 .text.HAL_SPI_TransmitReceive
                0x08003b0a      0x238 build/stm32f4xx_hal_spi.o
                0x08003b0a                HAL_SPI_TransmitReceive
 *fill*         0x08003d42        0x2 
 .text.TIM_OC1_SetConfig
                0x08003d44       0x68 build/stm32f4xx_hal_tim.o
 .text.TIM_OC3_SetConfig
                0x08003dac       0x70 build/stm32f4xx_hal_tim.o
 .text.TIM_OC4_SetConfig
                0x08003e1c       0x50 build/stm32f4xx_hal_tim.o
 .text.TIM_TI1_ConfigInputStage
                0x08003e6c       0x26 build/stm32f4xx_hal_tim.o
 .text.TIM_TI2_ConfigInputStage
                0x08003e92       0x28 build/stm32f4xx_hal_tim.o
 .text.TIM_ITRx_SetConfig
                0x08003eba       0x10 build/stm32f4xx_hal_tim.o
 *fill*         0x08003eca        0x2 
 .text.HAL_TIM_Base_Start_IT
                0x08003ecc       0x88 build/stm32f4xx_hal_tim.o
                0x08003ecc                HAL_TIM_Base_Start_IT
 .text.HAL_TIM_OC_DelayElapsedCallback
                0x08003f54        0x2 build/stm32f4xx_hal_tim.o
                0x08003f54                HAL_TIM_OC_DelayElapsedCallback
 .text.HAL_TIM_IC_CaptureCallback
                0x08003f56        0x2 build/stm32f4xx_hal_tim.o
                0x08003f56                HAL_TIM_IC_CaptureCallback
 .text.HAL_TIM_PWM_PulseFinishedCallback
                0x08003f58        0x2 build/stm32f4xx_hal_tim.o
                0x08003f58                HAL_TIM_PWM_PulseFinishedCallback
 .text.HAL_TIM_TriggerCallback
                0x08003f5a        0x2 build/stm32f4xx_hal_tim.o
                0x08003f5a                HAL_TIM_TriggerCallback
 .text.HAL_TIM_IRQHandler
                0x08003f5c      0x17a build/stm32f4xx_hal_tim.o
                0x08003f5c                HAL_TIM_IRQHandler
 *fill*         0x080040d6        0x2 
 .text.TIM_Base_SetConfig
                0x080040d8       0xc8 build/stm32f4xx_hal_tim.o
                0x080040d8                TIM_Base_SetConfig
 .text.HAL_TIM_Base_Init
                0x080041a0       0x58 build/stm32f4xx_hal_tim.o
                0x080041a0                HAL_TIM_Base_Init
 .text.HAL_TIM_PWM_Init
                0x080041f8       0x58 build/stm32f4xx_hal_tim.o
                0x080041f8                HAL_TIM_PWM_Init
 .text.TIM_OC2_SetConfig
                0x08004250       0x70 build/stm32f4xx_hal_tim.o
                0x08004250                TIM_OC2_SetConfig
 .text.HAL_TIM_PWM_ConfigChannel
                0x080042c0       0xdc build/stm32f4xx_hal_tim.o
                0x080042c0                HAL_TIM_PWM_ConfigChannel
 .text.TIM_ETR_SetConfig
                0x0800439c       0x1a build/stm32f4xx_hal_tim.o
                0x0800439c                TIM_ETR_SetConfig
 .text.HAL_TIM_ConfigClockSource
                0x080043b6       0xfe build/stm32f4xx_hal_tim.o
                0x080043b6                HAL_TIM_ConfigClockSource
 .text.TIM_CCxChannelCmd
                0x080044b4       0x1e build/stm32f4xx_hal_tim.o
                0x080044b4                TIM_CCxChannelCmd
 *fill*         0x080044d2        0x2 
 .text.HAL_TIM_PWM_Stop
                0x080044d4       0x8c build/stm32f4xx_hal_tim.o
                0x080044d4                HAL_TIM_PWM_Stop
 .text.HAL_TIMEx_MasterConfigSynchronization
                0x08004560       0x8c build/stm32f4xx_hal_tim_ex.o
                0x08004560                HAL_TIMEx_MasterConfigSynchronization
 .text.HAL_TIMEx_ConfigBreakDeadTime
                0x080045ec       0x52 build/stm32f4xx_hal_tim_ex.o
                0x080045ec                HAL_TIMEx_ConfigBreakDeadTime
 .text.HAL_TIMEx_CommutCallback
                0x0800463e        0x2 build/stm32f4xx_hal_tim_ex.o
                0x0800463e                HAL_TIMEx_CommutCallback
 .text.HAL_TIMEx_BreakCallback
                0x08004640        0x2 build/stm32f4xx_hal_tim_ex.o
                0x08004640                HAL_TIMEx_BreakCallback
 .text.UART_EndTxTransfer
                0x08004642       0x20 build/stm32f4xx_hal_uart.o
 .text.UART_EndRxTransfer
                0x08004662       0x5c build/stm32f4xx_hal_uart.o
 .text.UART_Transmit_IT
                0x080046be       0x60 build/stm32f4xx_hal_uart.o
 *fill*         0x0800471e        0x2 
 .text.UART_SetConfig
                0x08004720      0x110 build/stm32f4xx_hal_uart.o
 .text.HAL_UART_Init
                0x08004830       0x5e build/stm32f4xx_hal_uart.o
                0x08004830                HAL_UART_Init
 .text.HAL_UART_Transmit_IT
                0x0800488e       0x4e build/stm32f4xx_hal_uart.o
                0x0800488e                HAL_UART_Transmit_IT
 .text.HAL_UART_DMAStop
                0x080048dc       0x84 build/stm32f4xx_hal_uart.o
                0x080048dc                HAL_UART_DMAStop
 .text.UART_EndTransmit_IT
                0x08004960       0x1a build/stm32f4xx_hal_uart.o
 .text.HAL_UART_RxCpltCallback
                0x0800497a        0x2 build/stm32f4xx_hal_uart.o
                0x0800497a                HAL_UART_RxCpltCallback
 .text.HAL_UART_RxHalfCpltCallback
                0x0800497c        0x2 build/stm32f4xx_hal_uart.o
                0x0800497c                HAL_UART_RxHalfCpltCallback
 .text.HAL_UART_ErrorCallback
                0x0800497e        0x2 build/stm32f4xx_hal_uart.o
                0x0800497e                HAL_UART_ErrorCallback
 .text.UART_DMAError
                0x08004980       0x58 build/stm32f4xx_hal_uart.o
 .text.UART_DMAAbortOnError
                0x080049d8       0x10 build/stm32f4xx_hal_uart.o
 .text.HAL_UARTEx_RxEventCallback
                0x080049e8        0x2 build/stm32f4xx_hal_uart.o
                0x080049e8                HAL_UARTEx_RxEventCallback
 .text.UART_Receive_IT
                0x080049ea       0xe2 build/stm32f4xx_hal_uart.o
 .text.HAL_UART_IRQHandler
                0x08004acc      0x280 build/stm32f4xx_hal_uart.o
                0x08004acc                HAL_UART_IRQHandler
 .text.UART_DMARxHalfCplt
                0x08004d4c       0x1a build/stm32f4xx_hal_uart.o
 .text.UART_DMAReceiveCplt
                0x08004d66       0x96 build/stm32f4xx_hal_uart.o
 .text.UART_Start_Receive_DMA
                0x08004dfc       0xa8 build/stm32f4xx_hal_uart.o
                0x08004dfc                UART_Start_Receive_DMA
 .text.HAL_UART_Receive_DMA
                0x08004ea4       0x38 build/stm32f4xx_hal_uart.o
                0x08004ea4                HAL_UART_Receive_DMA
 .text.SystemInit
                0x08004edc       0x14 build/system_stm32f4xx.o
                0x08004edc                SystemInit
 .text.vListInitialise
                0x08004ef0       0x16 build/list.o
                0x08004ef0                vListInitialise
 .text.vListInitialiseItem
                0x08004f06        0x6 build/list.o
                0x08004f06                vListInitialiseItem
 .text.vListInsertEnd
                0x08004f0c       0x16 build/list.o
                0x08004f0c                vListInsertEnd
 .text.vListInsert
                0x08004f22       0x32 build/list.o
                0x08004f22                vListInsert
 .text.uxListRemove
                0x08004f54       0x26 build/list.o
                0x08004f54                uxListRemove
 .text.prvIsQueueFull
                0x08004f7a       0x1e build/queue.o
 .text.prvIsQueueEmpty
                0x08004f98       0x1a build/queue.o
 .text.prvCopyDataToQueue
                0x08004fb2       0x76 build/queue.o
 .text.prvCopyDataFromQueue
                0x08005028       0x24 build/queue.o
 .text.prvUnlockQueue
                0x0800504c       0x6e build/queue.o
 .text.xQueueGenericReset
                0x080050ba       0x84 build/queue.o
                0x080050ba                xQueueGenericReset
 .text.prvInitialiseNewQueue
                0x0800513e       0x22 build/queue.o
 .text.xQueueGenericCreateStatic
                0x08005160       0x94 build/queue.o
                0x08005160                xQueueGenericCreateStatic
 .text.xQueueGenericSend
                0x080051f4      0x188 build/queue.o
                0x080051f4                xQueueGenericSend
 .text.xQueueGenericSendFromISR
                0x0800537c       0xce build/queue.o
                0x0800537c                xQueueGenericSendFromISR
 .text.xQueueReceive
                0x0800544a      0x15e build/queue.o
                0x0800544a                xQueueReceive
 .text.vQueueAddToRegistry
                0x080055a8       0x28 build/queue.o
                0x080055a8                vQueueAddToRegistry
 .text.vQueueWaitForMessageRestricted
                0x080055d0       0x52 build/queue.o
                0x080055d0                vQueueWaitForMessageRestricted
 *fill*         0x08005622        0x2 
 .text.prvResetNextTaskUnblockTime
                0x08005624       0x2c build/tasks.o
 .text.prvInitialiseNewTask
                0x08005650       0xa6 build/tasks.o
 *fill*         0x080056f6        0x2 
 .text.prvInitialiseTaskLists
                0x080056f8       0x68 build/tasks.o
 .text.prvAddNewTaskToReadyList
                0x08005760       0xac build/tasks.o
 .text.prvDeleteTCB
                0x0800580c       0x38 build/tasks.o
 .text.prvCheckTasksWaitingTermination
                0x08005844       0x4c build/tasks.o
 .text.prvIdleTask
                0x08005890       0x28 build/tasks.o
 .text.prvAddCurrentTaskToDelayedList
                0x080058b8       0x7c build/tasks.o
 .text.xTaskCreateStatic
                0x08005934       0x76 build/tasks.o
                0x08005934                xTaskCreateStatic
 .text.xTaskCreate
                0x080059aa       0x68 build/tasks.o
                0x080059aa                xTaskCreate
 *fill*         0x08005a12        0x2 
 .text.vTaskStartScheduler
                0x08005a14       0x9c build/tasks.o
                0x08005a14                vTaskStartScheduler
 .text.vTaskSuspendAll
                0x08005ab0       0x10 build/tasks.o
                0x08005ab0                vTaskSuspendAll
 .text.xTaskGetTickCount
                0x08005ac0        0xc build/tasks.o
                0x08005ac0                xTaskGetTickCount
 .text.xTaskIncrementTick
                0x08005acc      0x118 build/tasks.o
                0x08005acc                xTaskIncrementTick
 .text.xTaskResumeAll
                0x08005be4       0xf8 build/tasks.o
                0x08005be4                xTaskResumeAll
 .text.vTaskDelayUntil
                0x08005cdc       0xa4 build/tasks.o
                0x08005cdc                vTaskDelayUntil
 .text.vTaskDelay
                0x08005d80       0x4c build/tasks.o
                0x08005d80                vTaskDelay
 .text.vTaskSwitchContext
                0x08005dcc       0x94 build/tasks.o
                0x08005dcc                vTaskSwitchContext
 .text.vTaskPlaceOnEventList
                0x08005e60       0x30 build/tasks.o
                0x08005e60                vTaskPlaceOnEventList
 .text.vTaskPlaceOnEventListRestricted
                0x08005e90       0x38 build/tasks.o
                0x08005e90                vTaskPlaceOnEventListRestricted
 .text.xTaskRemoveFromEventList
                0x08005ec8       0x8c build/tasks.o
                0x08005ec8                xTaskRemoveFromEventList
 .text.vTaskInternalSetTimeOutState
                0x08005f54       0x18 build/tasks.o
                0x08005f54                vTaskInternalSetTimeOutState
 .text.xTaskCheckForTimeOut
                0x08005f6c       0x84 build/tasks.o
                0x08005f6c                xTaskCheckForTimeOut
 .text.vTaskMissedYield
                0x08005ff0        0xc build/tasks.o
                0x08005ff0                vTaskMissedYield
 .text.xTaskGetSchedulerState
                0x08005ffc       0x20 build/tasks.o
                0x08005ffc                xTaskGetSchedulerState
 .text.xTaskPriorityDisinherit
                0x0800601c       0x90 build/tasks.o
                0x0800601c                xTaskPriorityDisinherit
 .text.prvGetNextExpireTime
                0x080060ac       0x20 build/timers.o
 .text.prvInsertTimerInActiveList
                0x080060cc       0x48 build/timers.o
 .text.prvCheckForValidListAndQueue
                0x08006114       0x70 build/timers.o
 .text.xTimerCreateTimerTask
                0x08006184       0x64 build/timers.o
                0x08006184                xTimerCreateTimerTask
 .text.xTimerGenericCommand
                0x080061e8       0x6c build/timers.o
                0x080061e8                xTimerGenericCommand
 .text.prvSwitchTimerLists
                0x08006254       0x7c build/timers.o
 .text.prvSampleTimeNow
                0x080062d0       0x2c build/timers.o
 .text.prvProcessExpiredTimer
                0x080062fc       0x6c build/timers.o
 .text.prvProcessTimerOrBlockTask
                0x08006368       0x74 build/timers.o
 .text.prvProcessReceivedCommands
                0x080063dc      0x10c build/timers.o
 .text.prvTimerTask
                0x080064e8       0x16 build/timers.o
 .text.SysTick_Handler
                0x080064fe       0x18 build/cmsis_os2.o
                0x080064fe                SysTick_Handler
 *fill*         0x08006516        0x2 
 .text.osKernelInitialize
                0x08006518       0x24 build/cmsis_os2.o
                0x08006518                osKernelInitialize
 .text.osKernelStart
                0x0800653c       0x38 build/cmsis_os2.o
                0x0800653c                osKernelStart
 .text.osThreadNew
                0x08006574       0xbc build/cmsis_os2.o
                0x08006574                osThreadNew
 .text.osDelay  0x08006630       0x1c build/cmsis_os2.o
                0x08006630                osDelay
 .text.vApplicationGetIdleTaskMemory
                0x0800664c       0x18 build/cmsis_os2.o
                0x0800664c                vApplicationGetIdleTaskMemory
 .text.vApplicationGetTimerTaskMemory
                0x08006664       0x18 build/cmsis_os2.o
                0x08006664                vApplicationGetTimerTaskMemory
 .text.prvHeapInit
                0x0800667c       0x64 build/heap_4.o
 .text.prvInsertBlockIntoFreeList
                0x080066e0       0x64 build/heap_4.o
 .text.pvPortMalloc
                0x08006744       0xfc build/heap_4.o
                0x08006744                pvPortMalloc
 .text.vPortFree
                0x08006840       0x7c build/heap_4.o
                0x08006840                vPortFree
 .text.prvTaskExitError
                0x080068bc       0x40 build/port.o
 .text.prvPortStartFirstTask
                0x080068fc       0x28 build/port.o
 .text.vPortEnableVFP
                0x08006924       0x14 build/port.o
 .text.pxPortInitialiseStack
                0x08006938       0x2c build/port.o
                0x08006938                pxPortInitialiseStack
 *fill*         0x08006964        0xc 
 .text.SVC_Handler
                0x08006970       0x24 build/port.o
                0x08006970                SVC_Handler
 .text.vPortEnterCritical
                0x08006994       0x44 build/port.o
                0x08006994                vPortEnterCritical
 .text.vPortExitCritical
                0x080069d8       0x2c build/port.o
                0x080069d8                vPortExitCritical
 *fill*         0x08006a04        0xc 
 .text.PendSV_Handler
                0x08006a10       0x64 build/port.o
                0x08006a10                PendSV_Handler
 .text.xPortSysTickHandler
                0x08006a74       0x2c build/port.o
                0x08006a74                xPortSysTickHandler
 .text.vPortSetupTimerInterrupt
                0x08006aa0       0x28 build/port.o
                0x08006aa0                vPortSetupTimerInterrupt
 .text.xPortStartScheduler
                0x08006ac8      0x118 build/port.o
                0x08006ac8                xPortStartScheduler
 .text.vPortValidateInterruptPriority
                0x08006be0       0x5c build/port.o
                0x08006be0                vPortValidateInterruptPriority
 .text.MX_I2C2_Init
                0x08006c3c       0x3c build/i2c.o
                0x08006c3c                MX_I2C2_Init
 .text.HAL_I2C_MspInit
                0x08006c78       0x6c build/i2c.o
                0x08006c78                HAL_I2C_MspInit
 .text.HAL_I2C_Init
                0x08006ce4      0x1bc build/stm32f4xx_hal_i2c.o
                0x08006ce4                HAL_I2C_Init
 .text.BMI088_Driver_Init
                0x08006ea0       0x14 build/BMI088.o
                0x08006ea0                BMI088_Driver_Init
 .text.BMI088_heat_control
                0x08006eb4       0x2e build/BMI088.o
                0x08006eb4                BMI088_heat_control
 .text.spi_read_write_byte
                0x08006ee2       0x26 build/BMI088.o
                0x08006ee2                spi_read_write_byte
 .text.spi_read_multi
                0x08006f08       0x28 build/BMI088.o
                0x08006f08                spi_read_multi
 .text.BMI088_accel_read
                0x08006f30       0x3a build/BMI088.o
                0x08006f30                BMI088_accel_read
 .text.BMI088_gyro_read
                0x08006f6a       0x2e build/BMI088.o
                0x08006f6a                BMI088_gyro_read
 .text.BMI088_read_raw
                0x08006f98      0x1bc build/BMI088.o
                0x08006f98                BMI088_read_raw
 .text.BMI088_Update
                0x08007154      0x3d0 build/BMI088.o
                0x08007154                BMI088_Update
 .text.BMI088_Update_All
                0x08007524       0x24 build/BMI088.o
                0x08007524                BMI088_Update_All
 .text.Buzzer_Driver_Init
                0x08007548       0x14 build/buzzer.o
                0x08007548                Buzzer_Driver_Init
 .text.Buzzer_Update
                0x0800755c       0x6c build/buzzer.o
                0x0800755c                Buzzer_Update
 .text.Buzzer_Loop
                0x080075c8       0x24 build/buzzer.o
                0x080075c8                Buzzer_Loop
 .text.CanRecv_RxCallBack
                0x080075ec       0xc4 build/can_recv.o
                0x080075ec                CanRecv_RxCallBack
 .text.CanRecv_Driver_Init
                0x080076b0       0x28 build/can_recv.o
                0x080076b0                CanRecv_Driver_Init
 .text.Can_Motor_Driver_Init
                0x080076d8       0x38 build/can_motor.o
                0x080076d8                Can_Motor_Driver_Init
 .text.Can_Motor_Create
                0x08007710      0x174 build/can_motor.o
                0x08007710                Can_Motor_Create
 .text.Can_Motor_FeedbackData_Update
                0x08007884      0x130 build/can_motor.o
                0x08007884                Can_Motor_FeedbackData_Update
 .text.CanMotor_RxCallBack
                0x080079b4       0xdc build/can_motor.o
                0x080079b4                CanMotor_RxCallBack
 .text.Can_Motor_Send
                0x08007a90       0x4c build/can_motor.o
                0x08007a90                Can_Motor_Send
 .text.Can_Motor_Calc_Send
                0x08007adc      0x128 build/can_motor.o
                0x08007adc                Can_Motor_Calc_Send
 .text.dt7_driver_init
                0x08007c04       0x20 build/DT7_DR16.o
                0x08007c04                dt7_driver_init
 .text.dt7_data_solve
                0x08007c24      0x4f6 build/DT7_DR16.o
                0x08007c24                dt7_data_solve
 *fill*         0x0800811a        0x2 
 .text.dt7_Rx_Callback
                0x0800811c       0x58 build/DT7_DR16.o
                0x0800811c                dt7_Rx_Callback
 .text.referee_Rx_callback
                0x08008174       0x50 build/referee.o
                0x08008174                referee_Rx_callback
 .text.referee_driver_init
                0x080081c4       0x20 build/referee.o
                0x080081c4                referee_driver_init
 .text.referee_solve_pack
                0x080081e4      0x246 build/referee.o
                0x080081e4                referee_solve_pack
 *fill*         0x0800842a        0x2 
 .text.referee_data_solve
                0x0800842c      0x1c4 build/referee.o
                0x0800842c                referee_data_solve
 .text.referee_recv_loop
                0x080085f0       0x24 build/referee.o
                0x080085f0                referee_recv_loop
 .text.referee_send_ext
                0x08008614       0x14 build/referee.o
                0x08008614                referee_send_ext
 .text.Robot_Client_ID
                0x08008628       0x8c build/referee_ui.o
                0x08008628                Robot_Client_ID
 .text.Referee_UI_driver_Init
                0x080086b4       0x14 build/referee_ui.o
                0x080086b4                Referee_UI_driver_Init
 .text.Referee_UI_Loop
                0x080086c8      0x248 build/referee_ui.o
                0x080086c8                Referee_UI_Loop
 .text.Super_cap_wuli_Driver_Init
                0x08008910       0x28 build/super_cap_wuli.o
                0x08008910                Super_cap_wuli_Driver_Init
 .text.Super_cap_wuli_Create
                0x08008938       0x58 build/super_cap_wuli.o
                0x08008938                Super_cap_wuli_Create
 .text.Super_cap_wuli_Getpercent
                0x08008990       0x7c build/super_cap_wuli.o
                0x08008990                Super_cap_wuli_Getpercent
 .text.Super_cap_wuli_FeedbackData_Update
                0x08008a0c       0x78 build/super_cap_wuli.o
                0x08008a0c                Super_cap_wuli_FeedbackData_Update
 .text.Super_cap_wuli_RxCallBack
                0x08008a84       0x50 build/super_cap_wuli.o
                0x08008a84                Super_cap_wuli_RxCallBack
 .text.Super_cap_wuli_Send
                0x08008ad4       0x5c build/super_cap_wuli.o
                0x08008ad4                Super_cap_wuli_Send
 .text.Servo_Driver_Init
                0x08008b30       0x14 build/pwm_servo.o
                0x08008b30                Servo_Driver_Init
 .text.servo_ccr_calc
                0x08008b44       0x6a build/pwm_servo.o
                0x08008b44                servo_ccr_calc
 .text.Servo_Update
                0x08008bae       0x12 build/pwm_servo.o
                0x08008bae                Servo_Update
 .text.Servo_Update_ALL
                0x08008bc0       0x24 build/pwm_servo.o
                0x08008bc0                Servo_Update_ALL
 .text.indicator_led_Driver_Init
                0x08008be4       0x14 build/indicator_led.o
                0x08008be4                indicator_led_Driver_Init
 .text.indicator_led_Update
                0x08008bf8       0x3a build/indicator_led.o
                0x08008bf8                indicator_led_Update
 *fill*         0x08008c32        0x2 
 .text.indicator_led_Update_ALL
                0x08008c34       0x24 build/indicator_led.o
                0x08008c34                indicator_led_Update_ALL
 .text.invSqrt  0x08008c58       0x30 build/common.o
                0x08008c58                invSqrt
 .text.sgn      0x08008c88       0x14 build/common.o
                0x08008c88                sgn
 .text.fsgn     0x08008c9c       0x22 build/common.o
                0x08008c9c                fsgn
 .text.bit_reverse_u16
                0x08008cbe       0x22 build/soft_crc.o
                0x08008cbe                bit_reverse_u16
 .text.bit_reverse_u8
                0x08008ce0       0x22 build/soft_crc.o
                0x08008ce0                bit_reverse_u8
 .text.CRC16_Create
                0x08008d02       0x60 build/soft_crc.o
                0x08008d02                CRC16_Create
 .text.CRC8_Create
                0x08008d62       0x60 build/soft_crc.o
                0x08008d62                CRC8_Create
 *fill*         0x08008dc2        0x2 
 .text.soft_crc_Init
                0x08008dc4       0x40 build/soft_crc.o
                0x08008dc4                soft_crc_Init
 .text.CRC16_Modbus_calc
                0x08008e04       0x24 build/soft_crc.o
                0x08008e04                CRC16_Modbus_calc
 .text.CRC8_Modbus_calc
                0x08008e28       0x1c build/soft_crc.o
                0x08008e28                CRC8_Modbus_calc
 .text.MahonyAHRS_update
                0x08008e44      0x37e build/MahonyAHRS.o
                0x08008e44                MahonyAHRS_update
 .text.cvector_create
                0x080091c2       0x40 build/cvector.o
                0x080091c2                cvector_create
 .text.cvector_pushback
                0x08009202       0x42 build/cvector.o
                0x08009202                cvector_pushback
 .text.cvector_val_at
                0x08009244        0xa build/cvector.o
                0x08009244                cvector_val_at
 *fill*         0x0800924e        0x2 
 .text.CheckVaild
                0x08009250       0x28 build/datatypes.o
                0x08009250                CheckVaild
 .text.BufferToData
                0x08009278       0x22 build/datatypes.o
                0x08009278                BufferToData
 .text.create_circular_queue
                0x0800929a       0x3a build/circular_queue.o
                0x0800929a                create_circular_queue
 .text.circular_queue_push
                0x080092d4       0x36 build/circular_queue.o
                0x080092d4                circular_queue_push
 .text.circular_queue_pop
                0x0800930a       0x28 build/circular_queue.o
                0x0800930a                circular_queue_pop
 .text.circular_queue_front
                0x08009332       0x14 build/circular_queue.o
                0x08009332                circular_queue_front
 .text.fal      0x08009346       0x8a build/adrc.o
                0x08009346                fal
 .text.PID_Calc
                0x080093d0      0x2ac build/pid.o
                0x080093d0                PID_Calc
 .text.CLASSIC_PID_Calc
                0x0800967c      0x2b8 build/controller.o
                0x0800967c                CLASSIC_PID_Calc
 .text.UNIVERSAL_Calc
                0x08009934      0x2e6 build/controller.o
                0x08009934                UNIVERSAL_Calc
 .text.CLASSIC_PID_Setconfig
                0x08009c1a       0x4e build/controller.o
                0x08009c1a                CLASSIC_PID_Setconfig
 .text.create_controller
                0x08009c68      0x1ae build/controller.o
                0x08009c68                create_controller
 .text.Monitor_Reset
                0x08009e16        0x6 build/monitor.o
                0x08009e16                Monitor_Reset
 .text.Monitor_Init
                0x08009e1c       0x14 build/monitor.o
                0x08009e1c                Monitor_Init
 .text.Monitor_Register
                0x08009e30       0x38 build/monitor.o
                0x08009e30                Monitor_Register
 .text.Monitor_Loop
                0x08009e68       0x40 build/monitor.o
                0x08009e68                Monitor_Loop
 .text.is_Offline
                0x08009ea8        0xc build/monitor.o
                0x08009ea8                is_Offline
 .text.HAL_Layer_Init
                0x08009eb4       0x38 build/hal.o
                0x08009eb4                HAL_Layer_Init
 .text.HAL_Layer_Default_Loop
                0x08009eec        0xc build/hal.o
                0x08009eec                HAL_Layer_Default_Loop
 .text.HAL_Imu_Loop
                0x08009ef8        0x8 build/hal.o
                0x08009ef8                HAL_Imu_Loop
 .text.HAL_Motor_Calc_Loop
                0x08009f00        0x8 build/hal.o
                0x08009f00                HAL_Motor_Calc_Loop
 .text.HAL_Super_cap_wuli_Loop
                0x08009f08        0x8 build/hal.o
                0x08009f08                HAL_Super_cap_wuli_Loop
 .text.HAL_Monitor_Loop
                0x08009f10        0x8 build/hal.o
                0x08009f10                HAL_Monitor_Loop
 .text.HAL_Buzzer_Loop
                0x08009f18        0x8 build/hal.o
                0x08009f18                HAL_Buzzer_Loop
 .text.HAL_Referee_Recv_Loop
                0x08009f20        0x8 build/hal.o
                0x08009f20                HAL_Referee_Recv_Loop
 .text.HAL_Referee_Send_Loop
                0x08009f28        0x8 build/hal.o
                0x08009f28                HAL_Referee_Send_Loop
 .text.sub_get  0x08009f30       0x32 build/pub_sub.o
                0x08009f30                sub_get
 .text.pub_commit
                0x08009f62       0x40 build/pub_sub.o
                0x08009f62                pub_commit
 *fill*         0x08009fa2        0x2 
 .text.SubPub_Init
                0x08009fa4       0x14 build/pub_sub.o
                0x08009fa4                SubPub_Init
 .text.register_topic
                0x08009fb8       0x5c build/pub_sub.o
                0x08009fb8                register_topic
 .text.register_pub
                0x0800a014       0x28 build/pub_sub.o
                0x0800a014                register_pub
 .text.register_sub
                0x0800a03c       0x3c build/pub_sub.o
                0x0800a03c                register_sub
 .text.APP_Layer_Init
                0x0800a078       0x10 build/app.o
                0x0800a078                APP_Layer_Init
 .text.APP_Loop
                0x0800a088       0x10 build/app.o
                0x0800a088                APP_Loop
 .text.APP_Log_Loop
                0x0800a098       0x4c build/app.o
                0x0800a098                APP_Log_Loop
 .text.APP_Layer_default_loop
                0x0800a0e4        0x2 build/app.o
                0x0800a0e4                APP_Layer_default_loop
 .text.BSP_Layer_Init
                0x0800a0e6       0x1c build/bsp.o
                0x0800a0e6                BSP_Layer_Init
 .text.FrameRateStatistics
                0x0800a102       0x38 build/bsp_supervise.o
                0x0800a102                FrameRateStatistics
 .text.BSP_Log_Init
                0x0800a13a        0x8 build/bsp_log.o
                0x0800a13a                BSP_Log_Init
 .text.printf_log
                0x0800a142       0x20 build/bsp_log.o
                0x0800a142                printf_log
 *fill*         0x0800a162        0x2 
 .text.BSP_SPI_Init
                0x0800a164       0x10 build/bsp_spi.o
                0x0800a164                BSP_SPI_Init
 .text.BSP_SPI_TransmitReceive
                0x0800a174       0x1c build/bsp_spi.o
                0x0800a174                BSP_SPI_TransmitReceive
 .text.BSP_GPIO_Init
                0x0800a190       0x8c build/bsp_gpio.o
                0x0800a190                BSP_GPIO_Init
 .text.BSP_GPIO_Set
                0x0800a21c       0x30 build/bsp_gpio.o
                0x0800a21c                BSP_GPIO_Set
 .text.BSP_GPIO_Toggle
                0x0800a24c       0x34 build/bsp_gpio.o
                0x0800a24c                BSP_GPIO_Toggle
 .text.BSP_CAN_Init
                0x0800a280       0x84 build/bsp_can.o
                0x0800a280                BSP_CAN_Init
 .text.BSP_CAN_Send
                0x0800a304       0x58 build/bsp_can.o
                0x0800a304                BSP_CAN_Send
 .text.update_filter
                0x0800a35c       0x8c build/bsp_can.o
                0x0800a35c                update_filter
 .text.BSP_CAN_AddFilter
                0x0800a3e8       0x3c build/bsp_can.o
                0x0800a3e8                BSP_CAN_AddFilter
 .text.BSP_CAN_RegisterRxCallback
                0x0800a424       0x20 build/bsp_can.o
                0x0800a424                BSP_CAN_RegisterRxCallback
 .text.BSP_CAN_FifoMsg_Callback
                0x0800a444       0x5c build/bsp_can.o
                0x0800a444                BSP_CAN_FifoMsg_Callback
 .text.HAL_CAN_RxFifo0MsgPendingCallback
                0x0800a4a0        0xa build/bsp_can.o
                0x0800a4a0                HAL_CAN_RxFifo0MsgPendingCallback
 .text.HAL_CAN_RxFifo1MsgPendingCallback
                0x0800a4aa        0xa build/bsp_can.o
                0x0800a4aa                HAL_CAN_RxFifo1MsgPendingCallback
 .text.BSP_UART_Init
                0x0800a4b4       0x90 build/bsp_uart.o
                0x0800a4b4                BSP_UART_Init
 .text.BSP_UART_RegisterRxCallback
                0x0800a544       0x24 build/bsp_uart.o
                0x0800a544                BSP_UART_RegisterRxCallback
 .text.BSP_UART_Send_queue
                0x0800a568       0x70 build/bsp_uart.o
                0x0800a568                BSP_UART_Send_queue
 .text.BSP_UART_IDLECallback
                0x0800a5d8       0x8c build/bsp_uart.o
                0x0800a5d8                BSP_UART_IDLECallback
 .text.BSP_UART_TxCpltCallback
                0x0800a664       0x58 build/bsp_uart.o
                0x0800a664                BSP_UART_TxCpltCallback
 .text.BSP_UART_IRQHandler
                0x0800a6bc       0x30 build/bsp_uart.o
                0x0800a6bc                BSP_UART_IRQHandler
 .text.HAL_UART_TxCpltCallback
                0x0800a6ec       0x30 build/bsp_uart.o
                0x0800a6ec                HAL_UART_TxCpltCallback
 .text.BSP_PWM_Init
                0x0800a71c       0x2c build/bsp_pwm.o
                0x0800a71c                BSP_PWM_Init
 .text.BSP_PWM_Stop
                0x0800a748       0x18 build/bsp_pwm.o
                0x0800a748                BSP_PWM_Stop
 .text.BSP_PWM_SetCCR
                0x0800a760       0x48 build/bsp_pwm.o
                0x0800a760                BSP_PWM_SetCCR
 .text.BSP_PWM_SetARR
                0x0800a7a8       0x14 build/bsp_pwm.o
                0x0800a7a8                BSP_PWM_SetARR
 .text.BSP_sys_time_ms
                0x0800a7bc        0x8 build/bsp_time.o
                0x0800a7bc                BSP_sys_time_ms
 .text._StoreChar
                0x0800a7c4       0x40 build/SEGGER_RTT_printf.o
 .text._PrintUnsigned
                0x0800a804       0xe0 build/SEGGER_RTT_printf.o
 .text._PrintInt
                0x0800a8e4       0xea build/SEGGER_RTT_printf.o
 *fill*         0x0800a9ce        0x2 
 .text.SEGGER_RTT_vprintf
                0x0800a9d0      0x1f0 build/SEGGER_RTT_printf.o
                0x0800a9d0                SEGGER_RTT_vprintf
 .text._GetAvailWriteSpace
                0x0800abc0       0x18 build/SEGGER_RTT.o
 .text._WriteNoCheck
                0x0800abd8       0x4c build/SEGGER_RTT.o
 .text._WriteBlocking
                0x0800ac24       0x62 build/SEGGER_RTT.o
 *fill*         0x0800ac86        0x2 
 .text._DoInit  0x0800ac88       0x6c build/SEGGER_RTT.o
 .text.SEGGER_RTT_WriteNoLock
                0x0800acf4       0x6c build/SEGGER_RTT.o
                0x0800acf4                SEGGER_RTT_WriteNoLock
 .text.SEGGER_RTT_Write
                0x0800ad60       0x34 build/SEGGER_RTT.o
                0x0800ad60                SEGGER_RTT_Write
 .text.SEGGER_RTT_Init
                0x0800ad94        0x8 build/SEGGER_RTT.o
                0x0800ad94                SEGGER_RTT_Init
 .text.Chassis_UARTRxCallback
                0x0800ad9c       0x3c build/chassis.o
 .text.chassis_motor_lost
                0x0800add8       0x10 build/chassis.o
                0x0800add8                chassis_motor_lost
 .text.chassis_super_cap_lost
                0x0800ade8       0x10 build/chassis.o
                0x0800ade8                chassis_super_cap_lost
 .text.Chassis_Create
                0x0800adf8      0x268 build/chassis.o
                0x0800adf8                Chassis_Create
 .text.Chassis_Update
                0x0800b060       0xac build/chassis.o
                0x0800b060                Chassis_Update
 .text.Reset_Handler
                0x0800b10c       0x50 build/startup_stm32f407xx.o
                0x0800b10c                Reset_Handler
 .text.Default_Handler
                0x0800b15c        0x2 build/startup_stm32f407xx.o
                0x0800b15c                RTC_Alarm_IRQHandler
                0x0800b15c                HASH_RNG_IRQHandler
                0x0800b15c                EXTI2_IRQHandler
                0x0800b15c                TIM8_CC_IRQHandler
                0x0800b15c                TIM1_CC_IRQHandler
                0x0800b15c                DMA2_Stream5_IRQHandler
                0x0800b15c                DMA1_Stream5_IRQHandler
                0x0800b15c                PVD_IRQHandler
                0x0800b15c                SDIO_IRQHandler
                0x0800b15c                TAMP_STAMP_IRQHandler
                0x0800b15c                EXTI3_IRQHandler
                0x0800b15c                TIM1_UP_TIM10_IRQHandler
                0x0800b15c                TIM8_UP_TIM13_IRQHandler
                0x0800b15c                I2C3_ER_IRQHandler
                0x0800b15c                EXTI0_IRQHandler
                0x0800b15c                I2C2_EV_IRQHandler
                0x0800b15c                DMA1_Stream2_IRQHandler
                0x0800b15c                FPU_IRQHandler
                0x0800b15c                OTG_HS_WKUP_IRQHandler
                0x0800b15c                CAN2_SCE_IRQHandler
                0x0800b15c                SPI1_IRQHandler
                0x0800b15c                TIM6_DAC_IRQHandler
                0x0800b15c                TIM1_BRK_TIM9_IRQHandler
                0x0800b15c                DCMI_IRQHandler
                0x0800b15c                DMA2_Stream3_IRQHandler
                0x0800b15c                UART5_IRQHandler
                0x0800b15c                DMA2_Stream0_IRQHandler
                0x0800b15c                TIM4_IRQHandler
                0x0800b15c                I2C1_EV_IRQHandler
                0x0800b15c                DMA1_Stream6_IRQHandler
                0x0800b15c                UART4_IRQHandler
                0x0800b15c                TIM3_IRQHandler
                0x0800b15c                RCC_IRQHandler
                0x0800b15c                TIM8_BRK_TIM12_IRQHandler
                0x0800b15c                Default_Handler
                0x0800b15c                EXTI15_10_IRQHandler
                0x0800b15c                ADC_IRQHandler
                0x0800b15c                DMA1_Stream7_IRQHandler
                0x0800b15c                TIM7_IRQHandler
                0x0800b15c                CAN2_TX_IRQHandler
                0x0800b15c                TIM5_IRQHandler
                0x0800b15c                I2C3_EV_IRQHandler
                0x0800b15c                EXTI9_5_IRQHandler
                0x0800b15c                RTC_WKUP_IRQHandler
                0x0800b15c                ETH_WKUP_IRQHandler
                0x0800b15c                SPI2_IRQHandler
                0x0800b15c                OTG_HS_EP1_IN_IRQHandler
                0x0800b15c                DMA1_Stream0_IRQHandler
                0x0800b15c                CAN1_TX_IRQHandler
                0x0800b15c                EXTI4_IRQHandler
                0x0800b15c                FSMC_IRQHandler
                0x0800b15c                ETH_IRQHandler
                0x0800b15c                OTG_HS_EP1_OUT_IRQHandler
                0x0800b15c                WWDG_IRQHandler
                0x0800b15c                TIM2_IRQHandler
                0x0800b15c                OTG_FS_WKUP_IRQHandler
                0x0800b15c                TIM1_TRG_COM_TIM11_IRQHandler
                0x0800b15c                OTG_HS_IRQHandler
                0x0800b15c                EXTI1_IRQHandler
                0x0800b15c                USART2_IRQHandler
                0x0800b15c                I2C2_ER_IRQHandler
                0x0800b15c                CAN1_SCE_IRQHandler
                0x0800b15c                FLASH_IRQHandler
                0x0800b15c                DMA2_Stream4_IRQHandler
                0x0800b15c                OTG_FS_IRQHandler
                0x0800b15c                SPI3_IRQHandler
                0x0800b15c                DMA1_Stream4_IRQHandler
                0x0800b15c                I2C1_ER_IRQHandler
                0x0800b15c                DMA1_Stream3_IRQHandler
 *fill*         0x0800b15e        0x2 
 .text.__libc_init_array
                0x0800b160       0x48 d:/gcc-arm-none-eabi/bin/../lib/gcc/arm-none-eabi/10.3.1/../../../../arm-none-eabi/lib/thumb/v7e-m+fp/hard\libc_nano.a(lib_a-init.o)
                0x0800b160                __libc_init_array
 .text.malloc   0x0800b1a8       0x10 d:/gcc-arm-none-eabi/bin/../lib/gcc/arm-none-eabi/10.3.1/../../../../arm-none-eabi/lib/thumb/v7e-m+fp/hard\libc_nano.a(lib_a-malloc.o)
                0x0800b1a8                malloc
 .text.free     0x0800b1b8       0x10 d:/gcc-arm-none-eabi/bin/../lib/gcc/arm-none-eabi/10.3.1/../../../../arm-none-eabi/lib/thumb/v7e-m+fp/hard\libc_nano.a(lib_a-malloc.o)
                0x0800b1b8                free
 .text.memcpy   0x0800b1c8       0x1c d:/gcc-arm-none-eabi/bin/../lib/gcc/arm-none-eabi/10.3.1/../../../../arm-none-eabi/lib/thumb/v7e-m+fp/hard\libc_nano.a(lib_a-memcpy-stub.o)
                0x0800b1c8                memcpy
 .text.memset   0x0800b1e4       0x10 d:/gcc-arm-none-eabi/bin/../lib/gcc/arm-none-eabi/10.3.1/../../../../arm-none-eabi/lib/thumb/v7e-m+fp/hard\libc_nano.a(lib_a-memset.o)
                0x0800b1e4                memset
 .text._free_r  0x0800b1f4       0x98 d:/gcc-arm-none-eabi/bin/../lib/gcc/arm-none-eabi/10.3.1/../../../../arm-none-eabi/lib/thumb/v7e-m+fp/hard\libc_nano.a(lib_a-nano-freer.o)
                0x0800b1f4                _free_r
 .text.sbrk_aligned
                0x0800b28c       0x40 d:/gcc-arm-none-eabi/bin/../lib/gcc/arm-none-eabi/10.3.1/../../../../arm-none-eabi/lib/thumb/v7e-m+fp/hard\libc_nano.a(lib_a-nano-mallocr.o)
 .text._malloc_r
                0x0800b2cc       0xe8 d:/gcc-arm-none-eabi/bin/../lib/gcc/arm-none-eabi/10.3.1/../../../../arm-none-eabi/lib/thumb/v7e-m+fp/hard\libc_nano.a(lib_a-nano-mallocr.o)
                0x0800b2cc                _malloc_r
 .text.realloc  0x0800b3b4       0x10 d:/gcc-arm-none-eabi/bin/../lib/gcc/arm-none-eabi/10.3.1/../../../../arm-none-eabi/lib/thumb/v7e-m+fp/hard\libc_nano.a(lib_a-realloc.o)
                0x0800b3b4                realloc
 .text._sbrk_r  0x0800b3c4       0x20 d:/gcc-arm-none-eabi/bin/../lib/gcc/arm-none-eabi/10.3.1/../../../../arm-none-eabi/lib/thumb/v7e-m+fp/hard\libc_nano.a(lib_a-sbrkr.o)
                0x0800b3c4                _sbrk_r
 .text.__malloc_lock
                0x0800b3e4        0xc d:/gcc-arm-none-eabi/bin/../lib/gcc/arm-none-eabi/10.3.1/../../../../arm-none-eabi/lib/thumb/v7e-m+fp/hard\libc_nano.a(lib_a-mlock.o)
                0x0800b3e4                __malloc_lock
 .text.__malloc_unlock
                0x0800b3f0        0xc d:/gcc-arm-none-eabi/bin/../lib/gcc/arm-none-eabi/10.3.1/../../../../arm-none-eabi/lib/thumb/v7e-m+fp/hard\libc_nano.a(lib_a-mlock.o)
                0x0800b3f0                __malloc_unlock
 .text._realloc_r
                0x0800b3fc       0x5e d:/gcc-arm-none-eabi/bin/../lib/gcc/arm-none-eabi/10.3.1/../../../../arm-none-eabi/lib/thumb/v7e-m+fp/hard\libc_nano.a(lib_a-nano-reallocr.o)
                0x0800b3fc                _realloc_r
 .text.__retarget_lock_acquire_recursive
                0x0800b45a        0x2 d:/gcc-arm-none-eabi/bin/../lib/gcc/arm-none-eabi/10.3.1/../../../../arm-none-eabi/lib/thumb/v7e-m+fp/hard\libc_nano.a(lib_a-lock.o)
                0x0800b45a                __retarget_lock_acquire_recursive
 .text.__retarget_lock_release_recursive
                0x0800b45c        0x2 d:/gcc-arm-none-eabi/bin/../lib/gcc/arm-none-eabi/10.3.1/../../../../arm-none-eabi/lib/thumb/v7e-m+fp/hard\libc_nano.a(lib_a-lock.o)
                0x0800b45c                __retarget_lock_release_recursive
 .text._malloc_usable_size_r
                0x0800b45e       0x10 d:/gcc-arm-none-eabi/bin/../lib/gcc/arm-none-eabi/10.3.1/../../../../arm-none-eabi/lib/thumb/v7e-m+fp/hard\libc_nano.a(lib_a-nano-msizer.o)
                0x0800b45e                _malloc_usable_size_r
 *fill*         0x0800b46e        0x2 
 .text.cos      0x0800b470       0x90 d:/gcc-arm-none-eabi/bin/../lib/gcc/arm-none-eabi/10.3.1/../../../../arm-none-eabi/lib/thumb/v7e-m+fp/hard\libm.a(lib_a-s_cos.o)
                0x0800b470                cos
 .text.floor    0x0800b500      0x108 d:/gcc-arm-none-eabi/bin/../lib/gcc/arm-none-eabi/10.3.1/../../../../arm-none-eabi/lib/thumb/v7e-m+fp/hard\libm.a(lib_a-s_floor.o)
                0x0800b500                floor
 .text.sin      0x0800b608       0x90 d:/gcc-arm-none-eabi/bin/../lib/gcc/arm-none-eabi/10.3.1/../../../../arm-none-eabi/lib/thumb/v7e-m+fp/hard\libm.a(lib_a-s_sin.o)
                0x0800b608                sin
 .text.asin     0x0800b698       0x68 d:/gcc-arm-none-eabi/bin/../lib/gcc/arm-none-eabi/10.3.1/../../../../arm-none-eabi/lib/thumb/v7e-m+fp/hard\libm.a(lib_a-w_asin.o)
                0x0800b698                asin
 .text.atan2    0x0800b700        0x4 d:/gcc-arm-none-eabi/bin/../lib/gcc/arm-none-eabi/10.3.1/../../../../arm-none-eabi/lib/thumb/v7e-m+fp/hard\libm.a(lib_a-w_atan2.o)
                0x0800b700                atan2
 .text.sqrt     0x0800b704       0x68 d:/gcc-arm-none-eabi/bin/../lib/gcc/arm-none-eabi/10.3.1/../../../../arm-none-eabi/lib/thumb/v7e-m+fp/hard\libm.a(lib_a-w_sqrt.o)
                0x0800b704                sqrt
 .text.powf     0x0800b76c       0xbc d:/gcc-arm-none-eabi/bin/../lib/gcc/arm-none-eabi/10.3.1/../../../../arm-none-eabi/lib/thumb/v7e-m+fp/hard\libm.a(lib_a-wf_pow.o)
                0x0800b76c                powf
 .text.__ieee754_asin
                0x0800b828      0x4a4 d:/gcc-arm-none-eabi/bin/../lib/gcc/arm-none-eabi/10.3.1/../../../../arm-none-eabi/lib/thumb/v7e-m+fp/hard\libm.a(lib_a-e_asin.o)
                0x0800b828                __ieee754_asin
 *fill*         0x0800bccc        0x4 
 .text.__ieee754_atan2
                0x0800bcd0      0x1ac d:/gcc-arm-none-eabi/bin/../lib/gcc/arm-none-eabi/10.3.1/../../../../arm-none-eabi/lib/thumb/v7e-m+fp/hard\libm.a(lib_a-e_atan2.o)
                0x0800bcd0                __ieee754_atan2
 *fill*         0x0800be7c        0x4 
 .text.__ieee754_rem_pio2
                0x0800be80      0x44c d:/gcc-arm-none-eabi/bin/../lib/gcc/arm-none-eabi/10.3.1/../../../../arm-none-eabi/lib/thumb/v7e-m+fp/hard\libm.a(lib_a-e_rem_pio2.o)
                0x0800be80                __ieee754_rem_pio2
 .text.__ieee754_sqrt
                0x0800c2cc      0x198 d:/gcc-arm-none-eabi/bin/../lib/gcc/arm-none-eabi/10.3.1/../../../../arm-none-eabi/lib/thumb/v7e-m+fp/hard\libm.a(lib_a-e_sqrt.o)
                0x0800c2cc                __ieee754_sqrt
 .text.__ieee754_powf
                0x0800c464      0x628 d:/gcc-arm-none-eabi/bin/../lib/gcc/arm-none-eabi/10.3.1/../../../../arm-none-eabi/lib/thumb/v7e-m+fp/hard\libm.a(lib_a-ef_pow.o)
                0x0800c464                __ieee754_powf
 .text.__ieee754_sqrtf
                0x0800ca8c        0x8 d:/gcc-arm-none-eabi/bin/../lib/gcc/arm-none-eabi/10.3.1/../../../../arm-none-eabi/lib/thumb/v7e-m+fp/hard\libm.a(lib_a-ef_sqrt.o)
                0x0800ca8c                __ieee754_sqrtf
 *fill*         0x0800ca94        0x4 
 .text.__kernel_cos
                0x0800ca98      0x27c d:/gcc-arm-none-eabi/bin/../lib/gcc/arm-none-eabi/10.3.1/../../../../arm-none-eabi/lib/thumb/v7e-m+fp/hard\libm.a(lib_a-k_cos.o)
                0x0800ca98                __kernel_cos
 *fill*         0x0800cd14        0x4 
 .text.__kernel_rem_pio2
                0x0800cd18      0x850 d:/gcc-arm-none-eabi/bin/../lib/gcc/arm-none-eabi/10.3.1/../../../../arm-none-eabi/lib/thumb/v7e-m+fp/hard\libm.a(lib_a-k_rem_pio2.o)
                0x0800cd18                __kernel_rem_pio2
 .text.__kernel_sin
                0x0800d568      0x17c d:/gcc-arm-none-eabi/bin/../lib/gcc/arm-none-eabi/10.3.1/../../../../arm-none-eabi/lib/thumb/v7e-m+fp/hard\libm.a(lib_a-k_sin.o)
                0x0800d568                __kernel_sin
 .text.with_errnof
                0x0800d6e4       0x18 d:/gcc-arm-none-eabi/bin/../lib/gcc/arm-none-eabi/10.3.1/../../../../arm-none-eabi/lib/thumb/v7e-m+fp/hard\libm.a(lib_a-math_errf.o)
 .text.xflowf   0x0800d6fc       0x20 d:/gcc-arm-none-eabi/bin/../lib/gcc/arm-none-eabi/10.3.1/../../../../arm-none-eabi/lib/thumb/v7e-m+fp/hard\libm.a(lib_a-math_errf.o)
 .text.__math_uflowf
                0x0800d71c        0xc d:/gcc-arm-none-eabi/bin/../lib/gcc/arm-none-eabi/10.3.1/../../../../arm-none-eabi/lib/thumb/v7e-m+fp/hard\libm.a(lib_a-math_errf.o)
                0x0800d71c                __math_uflowf
 .text.__math_oflowf
                0x0800d728        0xc d:/gcc-arm-none-eabi/bin/../lib/gcc/arm-none-eabi/10.3.1/../../../../arm-none-eabi/lib/thumb/v7e-m+fp/hard\libm.a(lib_a-math_errf.o)
                0x0800d728                __math_oflowf
 *fill*         0x0800d734        0x4 
 .text.atan     0x0800d738      0x340 d:/gcc-arm-none-eabi/bin/../lib/gcc/arm-none-eabi/10.3.1/../../../../arm-none-eabi/lib/thumb/v7e-m+fp/hard\libm.a(lib_a-s_atan.o)
                0x0800d738                atan
 .text.fabs     0x0800da78       0x14 d:/gcc-arm-none-eabi/bin/../lib/gcc/arm-none-eabi/10.3.1/../../../../arm-none-eabi/lib/thumb/v7e-m+fp/hard\libm.a(lib_a-s_fabs.o)
                0x0800da78                fabs
 *fill*         0x0800da8c        0x4 
 .text.nan      0x0800da90       0x10 d:/gcc-arm-none-eabi/bin/../lib/gcc/arm-none-eabi/10.3.1/../../../../arm-none-eabi/lib/thumb/v7e-m+fp/hard\libm.a(lib_a-s_nan.o)
                0x0800da90                nan
 .text.scalbn   0x0800daa0      0x124 d:/gcc-arm-none-eabi/bin/../lib/gcc/arm-none-eabi/10.3.1/../../../../arm-none-eabi/lib/thumb/v7e-m+fp/hard\libm.a(lib_a-s_scalbn.o)
                0x0800daa0                scalbn
 .text.fabsf    0x0800dbc4       0x10 d:/gcc-arm-none-eabi/bin/../lib/gcc/arm-none-eabi/10.3.1/../../../../arm-none-eabi/lib/thumb/v7e-m+fp/hard\libm.a(lib_a-sf_fabs.o)
                0x0800dbc4                fabsf
 .text.finitef  0x0800dbd4       0x1c d:/gcc-arm-none-eabi/bin/../lib/gcc/arm-none-eabi/10.3.1/../../../../arm-none-eabi/lib/thumb/v7e-m+fp/hard\libm.a(lib_a-sf_finite.o)
                0x0800dbd4                finitef
 .text.scalbnf  0x0800dbf0       0xe4 d:/gcc-arm-none-eabi/bin/../lib/gcc/arm-none-eabi/10.3.1/../../../../arm-none-eabi/lib/thumb/v7e-m+fp/hard\libm.a(lib_a-sf_scalbn.o)
                0x0800dbf0                scalbnf
 .text._sbrk    0x0800dcd4       0x1c d:/gcc-arm-none-eabi/bin/../lib/gcc/arm-none-eabi/10.3.1/../../../../arm-none-eabi/lib/thumb/v7e-m+fp/hard\libnosys.a(sbrk.o)
                0x0800dcd4                _sbrk
 .text.__errno  0x0800dcf0        0xc d:/gcc-arm-none-eabi/bin/../lib/gcc/arm-none-eabi/10.3.1/../../../../arm-none-eabi/lib/thumb/v7e-m+fp/hard\libc_nano.a(lib_a-errno.o)
                0x0800dcf0                __errno
 *(.glue_7)
 .glue_7        0x0800dcfc        0x0 linker stubs
 *(.glue_7t)
 .glue_7t       0x0800dcfc        0x0 linker stubs
 *(.eh_frame)
 .eh_frame      0x0800dcfc        0x0 d:/gcc-arm-none-eabi/bin/../lib/gcc/arm-none-eabi/10.3.1/thumb/v7e-m+fp/hard/crtbegin.o
 *(.init)
 .init          0x0800dcfc        0x4 d:/gcc-arm-none-eabi/bin/../lib/gcc/arm-none-eabi/10.3.1/thumb/v7e-m+fp/hard/crti.o
                0x0800dcfc                _init
 .init          0x0800dd00        0x8 d:/gcc-arm-none-eabi/bin/../lib/gcc/arm-none-eabi/10.3.1/thumb/v7e-m+fp/hard/crtn.o
 *(.fini)
 .fini          0x0800dd08        0x4 d:/gcc-arm-none-eabi/bin/../lib/gcc/arm-none-eabi/10.3.1/thumb/v7e-m+fp/hard/crti.o
                0x0800dd08                _fini
 .fini          0x0800dd0c        0x8 d:/gcc-arm-none-eabi/bin/../lib/gcc/arm-none-eabi/10.3.1/thumb/v7e-m+fp/hard/crtn.o
                0x0800dd14                . = ALIGN (0x4)
                0x0800dd14                _etext = .

.vfp11_veneer   0x0800dd14        0x0
 .vfp11_veneer  0x0800dd14        0x0 linker stubs

.v4_bx          0x0800dd14        0x0
 .v4_bx         0x0800dd14        0x0 linker stubs

.iplt           0x0800dd14        0x0
 .iplt          0x0800dd14        0x0 d:/gcc-arm-none-eabi/bin/../lib/gcc/arm-none-eabi/10.3.1/thumb/v7e-m+fp/hard/crtbegin.o

.rodata         0x0800dd18      0x4e8
                0x0800dd18                . = ALIGN (0x4)
 *(.rodata)
 *(.rodata*)
 .rodata.str1.4
                0x0800dd18       0x70 build/freertos.o
 .rodata.ImuTask_attributes
                0x0800dd88       0x24 build/freertos.o
                0x0800dd88                ImuTask_attributes
 .rodata.LogTask_attributes
                0x0800ddac       0x24 build/freertos.o
                0x0800ddac                LogTask_attributes
 .rodata.MonitorTask_attributes
                0x0800ddd0       0x24 build/freertos.o
                0x0800ddd0                MonitorTask_attributes
 .rodata.MotorTask_attributes
                0x0800ddf4       0x24 build/freertos.o
                0x0800ddf4                MotorTask_attributes
 .rodata.RefereeSendTask_attributes
                0x0800de18       0x24 build/freertos.o
                0x0800de18                RefereeSendTask_attributes
 .rodata.RefereeTask_attributes
                0x0800de3c       0x24 build/freertos.o
                0x0800de3c                RefereeTask_attributes
 .rodata.RobotCMDTask_attributes
                0x0800de60       0x24 build/freertos.o
                0x0800de60                RobotCMDTask_attributes
 .rodata.SuperCapTask_attributes
                0x0800de84       0x24 build/freertos.o
                0x0800de84                SuperCapTask_attributes
 .rodata.defaultTask_attributes
                0x0800dea8       0x24 build/freertos.o
                0x0800dea8                defaultTask_attributes
 .rodata.flagBitshiftOffset.0
                0x0800decc        0x8 build/stm32f4xx_hal_dma.o
 .rodata.AHBPrescTable
                0x0800ded4       0x10 build/system_stm32f4xx.o
                0x0800ded4                AHBPrescTable
 .rodata.APBPrescTable
                0x0800dee4        0x8 build/system_stm32f4xx.o
                0x0800dee4                APBPrescTable
 .rodata.vTaskStartScheduler.str1.4
                0x0800deec        0x5 build/tasks.o
 *fill*         0x0800def1        0x3 
 .rodata.prvCheckForValidListAndQueue.str1.4
                0x0800def4        0x5 build/timers.o
 *fill*         0x0800def9        0x3 
 .rodata.xTimerCreateTimerTask.str1.4
                0x0800defc        0x8 build/timers.o
 .rodata.identifiers
                0x0800df04        0xc build/can_motor.o
                0x0800df04                identifiers
 .rodata.APP_Log_Loop.str1.4
                0x0800df10       0x3a build/app.o
 *fill*         0x0800df4a        0x2 
 .rodata._aV2C.0
                0x0800df4c       0x10 build/SEGGER_RTT_printf.o
 .rodata._DoInit.str1.4
                0x0800df5c        0x9 build/SEGGER_RTT.o
 *fill*         0x0800df65        0x3 
 .rodata._aInitStr.0
                0x0800df68       0x11 build/SEGGER_RTT.o
 *fill*         0x0800df79        0x3 
 .rodata.chassis_motor_lost.str1.4
                0x0800df7c       0x15 build/chassis.o
 *fill*         0x0800df91        0x3 
 .rodata.chassis_super_cap_lost.str1.4
                0x0800df94       0x12 build/chassis.o
 *fill*         0x0800dfa6        0x2 
 .rodata.Chassis_Create.str1.4
                0x0800dfa8        0xc build/chassis.o
 .rodata.asin.str1.4
                0x0800dfb4        0xc d:/gcc-arm-none-eabi/bin/../lib/gcc/arm-none-eabi/10.3.1/../../../../arm-none-eabi/lib/thumb/v7e-m+fp/hard\libm.a(lib_a-w_asin.o)
                                  0x1 (size before relaxing)
 *fill*         0x0800dfb4        0x4 
 .rodata.CSWTCH.8
                0x0800dfb8       0x18 d:/gcc-arm-none-eabi/bin/../lib/gcc/arm-none-eabi/10.3.1/../../../../arm-none-eabi/lib/thumb/v7e-m+fp/hard\libm.a(lib_a-e_atan2.o)
 .rodata.CSWTCH.9
                0x0800dfd0       0x18 d:/gcc-arm-none-eabi/bin/../lib/gcc/arm-none-eabi/10.3.1/../../../../arm-none-eabi/lib/thumb/v7e-m+fp/hard\libm.a(lib_a-e_atan2.o)
 .rodata.npio2_hw
                0x0800dfe8       0x80 d:/gcc-arm-none-eabi/bin/../lib/gcc/arm-none-eabi/10.3.1/../../../../arm-none-eabi/lib/thumb/v7e-m+fp/hard\libm.a(lib_a-e_rem_pio2.o)
 .rodata.two_over_pi
                0x0800e068      0x108 d:/gcc-arm-none-eabi/bin/../lib/gcc/arm-none-eabi/10.3.1/../../../../arm-none-eabi/lib/thumb/v7e-m+fp/hard\libm.a(lib_a-e_rem_pio2.o)
 .rodata.PIo2   0x0800e170       0x40 d:/gcc-arm-none-eabi/bin/../lib/gcc/arm-none-eabi/10.3.1/../../../../arm-none-eabi/lib/thumb/v7e-m+fp/hard\libm.a(lib_a-k_rem_pio2.o)
 .rodata.init_jk
                0x0800e1b0       0x10 d:/gcc-arm-none-eabi/bin/../lib/gcc/arm-none-eabi/10.3.1/../../../../arm-none-eabi/lib/thumb/v7e-m+fp/hard\libm.a(lib_a-k_rem_pio2.o)
 .rodata.atanhi
                0x0800e1c0       0x20 d:/gcc-arm-none-eabi/bin/../lib/gcc/arm-none-eabi/10.3.1/../../../../arm-none-eabi/lib/thumb/v7e-m+fp/hard\libm.a(lib_a-s_atan.o)
 .rodata.atanlo
                0x0800e1e0       0x20 d:/gcc-arm-none-eabi/bin/../lib/gcc/arm-none-eabi/10.3.1/../../../../arm-none-eabi/lib/thumb/v7e-m+fp/hard\libm.a(lib_a-s_atan.o)
                0x0800e200                . = ALIGN (0x4)

.ARM.extab
 *(.ARM.extab* .gnu.linkonce.armextab.*)

.ARM            0x0800e200        0x8
                0x0800e200                __exidx_start = .
 *(.ARM.exidx*)
 .ARM.exidx     0x0800e200        0x8 d:/gcc-arm-none-eabi/bin/../lib/gcc/arm-none-eabi/10.3.1/thumb/v7e-m+fp/hard\libgcc.a(_udivmoddi4.o)
                0x0800e208                __exidx_end = .

.rel.dyn        0x0800e208        0x0
 .rel.iplt      0x0800e208        0x0 d:/gcc-arm-none-eabi/bin/../lib/gcc/arm-none-eabi/10.3.1/thumb/v7e-m+fp/hard/crtbegin.o

.preinit_array  0x0800e208        0x0
                0x0800e208                PROVIDE (__preinit_array_start = .)
 *(.preinit_array*)
                0x0800e208                PROVIDE (__preinit_array_end = .)

.init_array     0x0800e208        0x4
                0x0800e208                PROVIDE (__init_array_start = .)
 *(SORT_BY_NAME(.init_array.*))
 *(.init_array*)
 .init_array    0x0800e208        0x4 d:/gcc-arm-none-eabi/bin/../lib/gcc/arm-none-eabi/10.3.1/thumb/v7e-m+fp/hard/crtbegin.o
                0x0800e20c                PROVIDE (__init_array_end = .)

.fini_array     0x0800e20c        0x4
                [!provide]                PROVIDE (__fini_array_start = .)
 *(SORT_BY_NAME(.fini_array.*))
 *(.fini_array*)
 .fini_array    0x0800e20c        0x4 d:/gcc-arm-none-eabi/bin/../lib/gcc/arm-none-eabi/10.3.1/thumb/v7e-m+fp/hard/crtbegin.o
                [!provide]                PROVIDE (__fini_array_end = .)
                0x0800e210                _sidata = LOADADDR (.data)

.data           0x20000000       0x74 load address 0x0800e210
                0x20000000                . = ALIGN (0x4)
                0x20000000                _sdata = .
 *(.data)
 *(.data*)
 .data.uwTickFreq
                0x20000000        0x1 build/stm32f4xx_hal.o
                0x20000000                uwTickFreq
 *fill*         0x20000001        0x3 
 .data.uwTickPrio
                0x20000004        0x4 build/stm32f4xx_hal.o
                0x20000004                uwTickPrio
 .data.SystemCoreClock
                0x20000008        0x4 build/system_stm32f4xx.o
                0x20000008                SystemCoreClock
 .data.uxCriticalNesting
                0x2000000c        0x4 build/port.o
 .data._impure_ptr
                0x20000010        0x4 d:/gcc-arm-none-eabi/bin/../lib/gcc/arm-none-eabi/10.3.1/../../../../arm-none-eabi/lib/thumb/v7e-m+fp/hard\libc_nano.a(lib_a-impure.o)
                0x20000010                _impure_ptr
 .data.impure_data
                0x20000014       0x60 d:/gcc-arm-none-eabi/bin/../lib/gcc/arm-none-eabi/10.3.1/../../../../arm-none-eabi/lib/thumb/v7e-m+fp/hard\libc_nano.a(lib_a-impure.o)
                0x20000074                . = ALIGN (0x4)
                0x20000074                _edata = .
                0x0800e284                _siccmram = LOADADDR (.ccmram)

.igot.plt       0x20000074        0x0 load address 0x0800e284
 .igot.plt      0x20000074        0x0 d:/gcc-arm-none-eabi/bin/../lib/gcc/arm-none-eabi/10.3.1/thumb/v7e-m+fp/hard/crtbegin.o

.ccmram         0x10000000        0x0 load address 0x0800e284
                0x10000000                . = ALIGN (0x4)
                0x10000000                _sccmram = .
 *(.ccmram)
 *(.ccmram*)
                0x10000000                . = ALIGN (0x4)
                0x10000000                _eccmram = .
                0x10000000                . = ALIGN (0x4)

.bss            0x20000074     0x5a30
                0x20000074                _sbss = .
                0x20000074                __bss_start__ = _sbss
 *(.bss)
 .bss           0x20000074       0x1c d:/gcc-arm-none-eabi/bin/../lib/gcc/arm-none-eabi/10.3.1/thumb/v7e-m+fp/hard/crtbegin.o
 *(.bss*)
 .bss.ImuTaskHandle
                0x20000090        0x4 build/freertos.o
                0x20000090                ImuTaskHandle
 .bss.LogTaskHandle
                0x20000094        0x4 build/freertos.o
                0x20000094                LogTaskHandle
 .bss.MonitorTaskHandle
                0x20000098        0x4 build/freertos.o
                0x20000098                MonitorTaskHandle
 .bss.MotorTaskHandle
                0x2000009c        0x4 build/freertos.o
                0x2000009c                MotorTaskHandle
 .bss.RefereeSendTaskHandle
                0x200000a0        0x4 build/freertos.o
                0x200000a0                RefereeSendTaskHandle
 .bss.RefereeTaskHandle
                0x200000a4        0x4 build/freertos.o
                0x200000a4                RefereeTaskHandle
 .bss.RobotCMDTaskHandle
                0x200000a8        0x4 build/freertos.o
                0x200000a8                RobotCMDTaskHandle
 .bss.SuperCapTaskHandle
                0x200000ac        0x4 build/freertos.o
                0x200000ac                SuperCapTaskHandle
 .bss.defaultTaskHandle
                0x200000b0        0x4 build/freertos.o
                0x200000b0                defaultTaskHandle
 .bss.HAL_RCC_CAN1_CLK_ENABLED
                0x200000b4        0x4 build/can.o
 .bss.hcan1     0x200000b8       0x28 build/can.o
                0x200000b8                hcan1
 .bss.hcan2     0x200000e0       0x28 build/can.o
                0x200000e0                hcan2
 .bss.hcrc      0x20000108        0x8 build/crc.o
                0x20000108                hcrc
 .bss.hrng      0x20000110       0x10 build/rng.o
                0x20000110                hrng
 .bss.hspi1     0x20000120       0x58 build/spi.o
                0x20000120                hspi1
 .bss.htim1     0x20000178       0x48 build/tim.o
                0x20000178                htim1
 .bss.htim10    0x200001c0       0x48 build/tim.o
                0x200001c0                htim10
 .bss.htim13    0x20000208       0x48 build/tim.o
                0x20000208                htim13
 .bss.htim4     0x20000250       0x48 build/tim.o
                0x20000250                htim4
 .bss.htim8     0x20000298       0x48 build/tim.o
                0x20000298                htim8
 .bss.hdma_usart1_rx
                0x200002e0       0x60 build/usart.o
                0x200002e0                hdma_usart1_rx
 .bss.hdma_usart1_tx
                0x20000340       0x60 build/usart.o
                0x20000340                hdma_usart1_tx
 .bss.hdma_usart3_rx
                0x200003a0       0x60 build/usart.o
                0x200003a0                hdma_usart3_rx
 .bss.hdma_usart6_rx
                0x20000400       0x60 build/usart.o
                0x20000400                hdma_usart6_rx
 .bss.hdma_usart6_tx
                0x20000460       0x60 build/usart.o
                0x20000460                hdma_usart6_tx
 .bss.huart1    0x200004c0       0x44 build/usart.o
                0x200004c0                huart1
 .bss.huart3    0x20000504       0x44 build/usart.o
                0x20000504                huart3
 .bss.huart6    0x20000548       0x44 build/usart.o
                0x20000548                huart6
 .bss.htim14    0x2000058c       0x48 build/stm32f4xx_hal_timebase_tim.o
                0x2000058c                htim14
 .bss.uwTick    0x200005d4        0x4 build/stm32f4xx_hal.o
                0x200005d4                uwTick
 .bss.xQueueRegistry
                0x200005d8       0x40 build/queue.o
                0x200005d8                xQueueRegistry
 .bss.pxCurrentTCB
                0x20000618        0x4 build/tasks.o
                0x20000618                pxCurrentTCB
 .bss.pxDelayedTaskList
                0x2000061c        0x4 build/tasks.o
 .bss.pxOverflowDelayedTaskList
                0x20000620        0x4 build/tasks.o
 .bss.pxReadyTasksLists
                0x20000624      0x460 build/tasks.o
 .bss.uxCurrentNumberOfTasks
                0x20000a84        0x4 build/tasks.o
 .bss.uxDeletedTasksWaitingCleanUp
                0x20000a88        0x4 build/tasks.o
 .bss.uxSchedulerSuspended
                0x20000a8c        0x4 build/tasks.o
 .bss.uxTaskNumber
                0x20000a90        0x4 build/tasks.o
 .bss.uxTopReadyPriority
                0x20000a94        0x4 build/tasks.o
 .bss.xDelayedTaskList1
                0x20000a98       0x14 build/tasks.o
 .bss.xDelayedTaskList2
                0x20000aac       0x14 build/tasks.o
 .bss.xIdleTaskHandle
                0x20000ac0        0x4 build/tasks.o
 .bss.xNextTaskUnblockTime
                0x20000ac4        0x4 build/tasks.o
 .bss.xNumOfOverflows
                0x20000ac8        0x4 build/tasks.o
 .bss.xPendedTicks
                0x20000acc        0x4 build/tasks.o
 .bss.xPendingReadyList
                0x20000ad0       0x14 build/tasks.o
 .bss.xSchedulerRunning
                0x20000ae4        0x4 build/tasks.o
 .bss.xSuspendedTaskList
                0x20000ae8       0x14 build/tasks.o
 .bss.xTasksWaitingTermination
                0x20000afc       0x14 build/tasks.o
 .bss.xTickCount
                0x20000b10        0x4 build/tasks.o
 .bss.xYieldPending
                0x20000b14        0x4 build/tasks.o
 .bss.pxCurrentTimerList
                0x20000b18        0x4 build/timers.o
 .bss.pxOverflowTimerList
                0x20000b1c        0x4 build/timers.o
 .bss.ucStaticTimerQueueStorage.1
                0x20000b20       0xa0 build/timers.o
 .bss.xActiveTimerList1
                0x20000bc0       0x14 build/timers.o
 .bss.xActiveTimerList2
                0x20000bd4       0x14 build/timers.o
 .bss.xLastTime.2
                0x20000be8        0x4 build/timers.o
 .bss.xStaticTimerQueue.0
                0x20000bec       0x50 build/timers.o
 .bss.xTimerQueue
                0x20000c3c        0x4 build/timers.o
 .bss.xTimerTaskHandle
                0x20000c40        0x4 build/timers.o
 .bss.Idle_Stack.2
                0x20000c44      0x200 build/cmsis_os2.o
 .bss.Idle_TCB.3
                0x20000e44       0x5c build/cmsis_os2.o
 .bss.KernelState
                0x20000ea0        0x4 build/cmsis_os2.o
 .bss.Timer_Stack.0
                0x20000ea4      0x400 build/cmsis_os2.o
 .bss.Timer_TCB.1
                0x200012a4       0x5c build/cmsis_os2.o
 .bss.pxEnd     0x20001300        0x4 build/heap_4.o
 .bss.ucHeap    0x20001304     0x3c00 build/heap_4.o
 .bss.xBlockAllocatedBit
                0x20004f04        0x4 build/heap_4.o
 .bss.xFreeBytesRemaining
                0x20004f08        0x4 build/heap_4.o
 .bss.xMinimumEverFreeBytesRemaining
                0x20004f0c        0x4 build/heap_4.o
 .bss.xNumberOfSuccessfulAllocations
                0x20004f10        0x4 build/heap_4.o
 .bss.xNumberOfSuccessfulFrees
                0x20004f14        0x4 build/heap_4.o
 .bss.xStart    0x20004f18        0x8 build/heap_4.o
 .bss.ucMaxSysCallPriority
                0x20004f20        0x1 build/port.o
 *fill*         0x20004f21        0x3 
 .bss.ulMaxPRIGROUPValue
                0x20004f24        0x4 build/port.o
 .bss.hi2c2     0x20004f28       0x54 build/i2c.o
                0x20004f28                hi2c2
 .bss.acc_raw.1
                0x20004f7c        0xc build/BMI088.o
 .bss.bmi088_instances
                0x20004f88        0x4 build/BMI088.o
                0x20004f88                bmi088_instances
 .bss.gyro_raw.0
                0x20004f8c        0xc build/BMI088.o
 .bss.init_count.3
                0x20004f98        0x2 build/BMI088.o
 *fill*         0x20004f9a        0x2 
 .bss.last_yaw.2
                0x20004f9c        0x4 build/BMI088.o
 .bss.buzzer_instances
                0x20004fa0        0x4 build/buzzer.o
                0x20004fa0                buzzer_instances
 .bss.can_recv_instances
                0x20004fa4        0x4 build/can_recv.o
                0x20004fa4                can_recv_instances
 .bss.data.0    0x20004fa8        0x8 build/can_motor.o
 .bss.motor_instances
                0x20004fb0       0x60 build/can_motor.o
                0x20004fb0                motor_instances
 .bss.motors_id
                0x20005010       0x30 build/can_motor.o
                0x20005010                motors_id
 .bss.dt7_instances
                0x20005040        0x4 build/DT7_DR16.o
                0x20005040                dt7_instances
 .bss.referee_instances
                0x20005044        0x4 build/referee.o
                0x20005044                referee_instances
 .bss.referee_ui_instances
                0x20005048        0x4 build/referee_ui.o
                0x20005048                referee_ui_instances
 .bss.data.0    0x2000504c        0x8 build/super_cap_wuli.o
 .bss.super_cap_wuli_instances
                0x20005054        0x4 build/super_cap_wuli.o